Archive member included to satisfy reference by file (symbol)

c:/program files (x86)/atmel/studio/7.0/toolchain/avr8/avr8-gnu-toolchain/bin/../lib/gcc/avr/5.4.0/../../../../avr/lib/avr6\libm.a(cmpsf2.o)
                              FreeRTOS/src/variantHooks.o (__ltsf2)
c:/program files (x86)/atmel/studio/7.0/toolchain/avr8/avr8-gnu-toolchain/bin/../lib/gcc/avr/5.4.0/../../../../avr/lib/avr6\libm.a(fixunssfsi.o)
                              FreeRTOS/src/variantHooks.o (__fixunssfsi)
c:/program files (x86)/atmel/studio/7.0/toolchain/avr8/avr8-gnu-toolchain/bin/../lib/gcc/avr/5.4.0/../../../../avr/lib/avr6\libm.a(fp_cmp.o)
                              c:/program files (x86)/atmel/studio/7.0/toolchain/avr8/avr8-gnu-toolchain/bin/../lib/gcc/avr/5.4.0/../../../../avr/lib/avr6\libm.a(cmpsf2.o) (__fp_cmp)
c:/program files (x86)/atmel/studio/7.0/toolchain/avr8/avr8-gnu-toolchain/bin/../lib/gcc/avr/5.4.0/../../../../avr/lib/avr6\libm.a(fp_split3.o)
                              c:/program files (x86)/atmel/studio/7.0/toolchain/avr8/avr8-gnu-toolchain/bin/../lib/gcc/avr/5.4.0/../../../../avr/lib/avr6\libm.a(fixunssfsi.o) (__fp_splitA)
c:/program files (x86)/atmel/studio/7.0/toolchain/avr8/avr8-gnu-toolchain/bin/../lib/gcc/avr/5.4.0/../../../../avr/lib/avr6\libm.a(fp_zero.o)
                              c:/program files (x86)/atmel/studio/7.0/toolchain/avr8/avr8-gnu-toolchain/bin/../lib/gcc/avr/5.4.0/../../../../avr/lib/avr6\libm.a(fixunssfsi.o) (__fp_zero)
c:/program files (x86)/atmel/studio/7.0/toolchain/avr8/avr8-gnu-toolchain/bin/../lib/gcc/avr/5.4.0/../../../../avr/lib/avr6\libm.a(gesf2.o)
                              FreeRTOS/src/variantHooks.o (__gtsf2)
c:/program files (x86)/atmel/studio/7.0/toolchain/avr8/avr8-gnu-toolchain/bin/../lib/gcc/avr/5.4.0/../../../../avr/lib/avr6\libm.a(mulsf3.o)
                              FreeRTOS/src/variantHooks.o (__mulsf3)
c:/program files (x86)/atmel/studio/7.0/toolchain/avr8/avr8-gnu-toolchain/bin/../lib/gcc/avr/5.4.0/../../../../avr/lib/avr6\libm.a(mulsf3x.o)
                              c:/program files (x86)/atmel/studio/7.0/toolchain/avr8/avr8-gnu-toolchain/bin/../lib/gcc/avr/5.4.0/../../../../avr/lib/avr6\libm.a(mulsf3.o) (__mulsf3x)
c:/program files (x86)/atmel/studio/7.0/toolchain/avr8/avr8-gnu-toolchain/bin/../lib/gcc/avr/5.4.0/../../../../avr/lib/avr6\libm.a(fp_inf.o)
                              c:/program files (x86)/atmel/studio/7.0/toolchain/avr8/avr8-gnu-toolchain/bin/../lib/gcc/avr/5.4.0/../../../../avr/lib/avr6\libm.a(mulsf3x.o) (__fp_inf)
c:/program files (x86)/atmel/studio/7.0/toolchain/avr8/avr8-gnu-toolchain/bin/../lib/gcc/avr/5.4.0/../../../../avr/lib/avr6\libm.a(fp_nan.o)
                              c:/program files (x86)/atmel/studio/7.0/toolchain/avr8/avr8-gnu-toolchain/bin/../lib/gcc/avr/5.4.0/../../../../avr/lib/avr6\libm.a(mulsf3x.o) (__fp_nan)
c:/program files (x86)/atmel/studio/7.0/toolchain/avr8/avr8-gnu-toolchain/bin/../lib/gcc/avr/5.4.0/../../../../avr/lib/avr6\libm.a(fp_pscA.o)
                              c:/program files (x86)/atmel/studio/7.0/toolchain/avr8/avr8-gnu-toolchain/bin/../lib/gcc/avr/5.4.0/../../../../avr/lib/avr6\libm.a(mulsf3x.o) (__fp_pscA)
c:/program files (x86)/atmel/studio/7.0/toolchain/avr8/avr8-gnu-toolchain/bin/../lib/gcc/avr/5.4.0/../../../../avr/lib/avr6\libm.a(fp_pscB.o)
                              c:/program files (x86)/atmel/studio/7.0/toolchain/avr8/avr8-gnu-toolchain/bin/../lib/gcc/avr/5.4.0/../../../../avr/lib/avr6\libm.a(mulsf3x.o) (__fp_pscB)
c:/program files (x86)/atmel/studio/7.0/toolchain/avr8/avr8-gnu-toolchain/bin/../lib/gcc/avr/5.4.0/../../../../avr/lib/avr6\libm.a(fp_round.o)
                              c:/program files (x86)/atmel/studio/7.0/toolchain/avr8/avr8-gnu-toolchain/bin/../lib/gcc/avr/5.4.0/../../../../avr/lib/avr6\libm.a(mulsf3.o) (__fp_round)
../drivers\libIotLibrary.a(lora_driver.o)
                              upLinkHandler.o (lora_driver_flushBuffers)
../drivers\libIotLibrary.a(lora_driver_utils.o)
                              ../drivers\libIotLibrary.a(lora_driver.o) (decode_port_no)
../drivers\libIotLibrary.a(mh_z19.o)
                              co2Sensor.o (mh_z19_initialise)
../drivers\libIotLibrary.a(rc_servo.o)
                              window_controller.o (rc_servo_setPosition)
../drivers\libIotLibrary.a(serial.o)
                              ../drivers\libIotLibrary.a(lora_driver.o) (serial_create)
../drivers\libIotLibrary.a(stdio_driver.o)
                              main.o (stdio_initialise)
../drivers\libIotLibrary.a(status_leds.o)
                              main.o (status_leds_initialise)
../drivers\libIotLibrary.a(fifo.o)
                              ../drivers\libIotLibrary.a(serial.o) (fifo_init)
c:/program files (x86)/atmel/studio/7.0/toolchain/avr8/avr8-gnu-toolchain/bin/../lib/gcc/avr/5.4.0/../../../../avr/lib/avr6\libm.a(addsf3.o)
                              ../drivers\libIotLibrary.a(serial.o) (__subsf3)
[...]
Memory Configuration

Name             Origin             Length             Attributes
text             0x00000000         0x00040000         xr
data             0x00800200         0x00002000         rw !x
eeprom           0x00810000         0x00001000         rw !x
fuse             0x00820000         0x00000003         rw !x
lock             0x00830000         0x00000400         rw !x
signature        0x00840000         0x00000400         rw !x
user_signatures  0x00850000         0x00000400         rw !x
*default*        0x00000000         0xffffffff

Linker script and memory map

Address of section .data set to 0x800200
LOAD C:/Program Files (x86)/Atmel/Studio/7.0/Packs/atmel/ATmega_DFP/1.6.364/gcc/dev/atmega2560/avr6/crtatmega2560.o
LOAD upLinkHandler.o
LOAD window_controller.o
LOAD co2Sensor.o
LOAD main.o
LOAD SensorDataPackage.o
LOAD Configuration.o
LOAD DownLinkHandler.o
LOAD FreeRTOS/FreeRTOSTraceDriver/FreeRTOSTraceDriver.o
LOAD FreeRTOS/src/croutine.o
LOAD FreeRTOS/src/event_groups.o
LOAD FreeRTOS/src/heap_4.o
LOAD FreeRTOS/src/list.o
LOAD FreeRTOS/src/port.o
LOAD FreeRTOS/src/queue.o
LOAD FreeRTOS/src/stream_buffer.o
LOAD FreeRTOS/src/tasks.o
LOAD FreeRTOS/src/timers.o
LOAD FreeRTOS/src/variantHooks.o
START GROUP
LOAD c:/program files (x86)/atmel/studio/7.0/toolchain/avr8/avr8-gnu-toolchain/bin/../lib/gcc/avr/5.4.0/../../../../avr/lib/avr6\libm.a
LOAD ../drivers\libIotLibrary.a
END GROUP
START GROUP
LOAD c:/program files (x86)/atmel/studio/7.0/toolchain/avr8/avr8-gnu-toolchain/bin/../lib/gcc/avr/5.4.0/avr6\libgcc.a
LOAD c:/program files (x86)/atmel/studio/7.0/toolchain/avr8/avr8-gnu-toolchain/bin/../lib/gcc/avr/5.4.0/../../../../avr/lib/avr6\libm.a
LOAD c:/program files (x86)/atmel/studio/7.0/toolchain/avr8/avr8-gnu-toolchain/bin/../lib/gcc/avr/5.4.0/../../../../avr/lib/avr6\libc.a
LOAD C:/Program Files (x86)/Atmel/Studio/7.0/Packs/atmel/ATmega_DFP/1.6.364/gcc/dev/atmega2560/avr6\libatmega2560.a
END GROUP
                0x00000000                __TEXT_REGION_ORIGIN__ = DEFINED (__TEXT_REGION_ORIGIN__)?__TEXT_REGION_ORIGIN__:0x0
                [0x00800200]                __DATA_REGION_ORIGIN__ = DEFINED (__DATA_REGION_ORIGIN__)?__DATA_REGION_ORIGIN__:0x800200
                [0x00040000]                __TEXT_REGION_LENGTH__ = DEFINED (__TEXT_REGION_LENGTH__)?__TEXT_REGION_LENGTH__:0x100000
                [0x00002000]                __DATA_REGION_LENGTH__ = DEFINED (__DATA_REGION_LENGTH__)?__DATA_REGION_LENGTH__:0xfe00
                [0x00001000]                __EEPROM_REGION_LENGTH__ = DEFINED (__EEPROM_REGION_LENGTH__)?__EEPROM_REGION_LENGTH__:0x10000
                [0x00000003]                __FUSE_REGION_LENGTH__ = DEFINED (__FUSE_REGION_LENGTH__)?__FUSE_REGION_LENGTH__:0x400
                0x00000400                __LOCK_REGION_LENGTH__ = DEFINED (__LOCK_REGION_LENGTH__)?__LOCK_REGION_LENGTH__:0x400
                0x00000400                __SIGNATURE_REGION_LENGTH__ = DEFINED (__SIGNATURE_REGION_LENGTH__)?__SIGNATURE_REGION_LENGTH__:0x400
                0x00000400                __USER_SIGNATURE_REGION_LENGTH__ = DEFINED (__USER_SIGNATURE_REGION_LENGTH__)?__USER_SIGNATURE_REGION_LENGTH__:0x400

.hash
 *(.hash)

.dynsym
 *(.dynsym)

.dynstr
 *(.dynstr)

.gnu.version
 *(.gnu.version)

.gnu.version_d
 *(.gnu.version_d)

.gnu.version_r
 *(.gnu.version_r)

.rel.init
 *(.rel.init)

.rela.init
 *(.rela.init)

.rel.text
 *(.rel.text)
 *(.rel.text.*)
 *(.rel.gnu.linkonce.t*)

.rela.text
 *(.rela.text)
 *(.rela.text.*)
 *(.rela.gnu.linkonce.t*)

.rel.fini
 *(.rel.fini)

.rela.fini
 *(.rela.fini)

.rel.rodata
 *(.rel.rodata)
 *(.rel.rodata.*)
 *(.rel.gnu.linkonce.r*)

.rela.rodata
 *(.rela.rodata)
 *(.rela.rodata.*)
 *(.rela.gnu.linkonce.r*)

.rel.data
 *(.rel.data)
 *(.rel.data.*)
 *(.rel.gnu.linkonce.d*)

.rela.data
 *(.rela.data)
 *(.rela.data.*)
 *(.rela.gnu.linkonce.d*)

.rel.ctors
 *(.rel.ctors)

.rela.ctors
 *(.rela.ctors)

.rel.dtors
 *(.rel.dtors)

.rela.dtors
 *(.rela.dtors)

.rel.got
 *(.rel.got)

.rela.got
 *(.rela.got)

.rel.bss
 *(.rel.bss)

.rela.bss
 *(.rela.bss)

.rel.plt
 *(.rel.plt)

.rela.plt
 *(.rela.plt)

.text           0x00000000     0x93ee
 *(.vectors)
 .vectors       0x00000000       0xe4 C:/Program Files (x86)/Atmel/Studio/7.0/Packs/atmel/ATmega_DFP/1.6.364/gcc/dev/atmega2560/avr6/crtatmega2560.o
                0x00000000                __vector_default
                0x00000000                __vectors
 *(.vectors)
 *(.progmem.gcc*)
 .progmem.gcc_sw_table.prvProcessReceivedCommands
                0x000000e4       0x14 FreeRTOS/src/timers.o
                0x000000f8                . = ALIGN (0x2)
                0x000000f8                __trampolines_start = .
 *(.trampolines)
 .trampolines   0x000000f8        0x0 linker stubs
 *(.trampolines*)
                0x000000f8                __trampolines_end = .
 *libprintf_flt.a:*(.progmem.data)
 *libc.a:*(.progmem.data)
 *(.progmem*)
                0x000000f8                . = ALIGN (0x2)
 *(.jumptables)
 *(.jumptables*)
 *(.lowtext)
 .lowtext       0x000000f8       0x26 FreeRTOS/src/tasks.o
 .lowtext       0x0000011e       0x46 FreeRTOS/src/timers.o
 *(.lowtext*)
                0x00000164                __ctors_start = .
 *(.ctors)
                0x00000164                __ctors_end = .
                0x00000164                __dtors_start = .
 *(.dtors)
                0x00000164                __dtors_end = .
 SORT(*)(.ctors)
 SORT(*)(.dtors)
 *(.init0)
 .init0         0x00000164        0x0 C:/Program Files (x86)/Atmel/Studio/7.0/Packs/atmel/ATmega_DFP/1.6.364/gcc/dev/atmega2560/avr6/crtatmega2560.o
                0x00000164                __init
 *(.init0)
 *(.init1)
 *(.init1)
 *(.init2)
 .init2         0x00000164       0x10 C:/Program Files (x86)/Atmel/Studio/7.0/Packs/atmel/ATmega_DFP/1.6.364/gcc/dev/atmega2560/avr6/crtatmega2560.o
 *(.init2)
 *(.init3)
 *(.init3)
 *(.init4)
 .init4         0x00000174       0x1a c:/program files (x86)/atmel/studio/7.0/toolchain/avr8/avr8-gnu-toolchain/bin/../lib/gcc/avr/5.4.0/avr6\libgcc.a(_copy_data.o)
                0x00000174                __do_copy_data
 .init4         0x0000018e       0x10 c:/program files (x86)/atmel/studio/7.0/toolchain/avr8/avr8-gnu-toolchain/bin/../lib/gcc/avr/5.4.0/avr6\libgcc.a(_clear_bss.o)
                0x0000018e                __do_clear_bss
 *(.init4)
 *(.init5)
 *(.init5)
 *(.init6)
 *(.init6)
 *(.init7)
 *(.init7)
 *(.init8)
 *(.init8)
 *(.init9)
 .init9         0x0000019e        0x6 C:/Program Files (x86)/Atmel/Studio/7.0/Packs/atmel/ATmega_DFP/1.6.364/gcc/dev/atmega2560/avr6/crtatmega2560.o
 *(.init9)
 *(.text)
 .text          0x000001a4        0x2 C:/Program Files (x86)/Atmel/Studio/7.0/Packs/atmel/ATmega_DFP/1.6.364/gcc/dev/atmega2560/avr6/crtatmega2560.o
                0x000001a4                __vector_38
                0x000001a4                __vector_22
                0x000001a4                __vector_28
                0x000001a4                __vector_1
                0x000001a4                __vector_32
                0x000001a4                __vector_34
                0x000001a4                __vector_24
                0x000001a4                __vector_46
                0x000001a4                __bad_interrupt
                0x000001a4                __vector_6
                0x000001a4                __vector_31
                0x000001a4                __vector_35
                0x000001a4                __vector_39
                0x000001a4                __vector_3
                0x000001a4                __vector_23
                0x000001a4                __vector_30
                0x000001a4                __vector_45
                0x000001a4                __vector_11
                0x000001a4                __vector_13
                0x000001a4                __vector_17
                0x000001a4                __vector_19
                0x000001a4                __vector_56
                0x000001a4                __vector_7
                0x000001a4                __vector_49
                0x000001a4                __vector_41
                0x000001a4                __vector_43
                0x000001a4                __vector_27
                0x000001a4                __vector_5
                0x000001a4                __vector_33
                0x000001a4                __vector_47
                0x000001a4                __vector_4
                0x000001a4                __vector_44
                0x000001a4                __vector_9
                0x000001a4                __vector_2
                0x000001a4                __vector_21
                0x000001a4                __vector_15
                0x000001a4                __vector_29
                0x000001a4                __vector_40
                0x000001a4                __vector_8
                0x000001a4                __vector_48
                0x000001a4                __vector_14
                0x000001a4                __vector_53
                0x000001a4                __vector_10
                0x000001a4                __vector_50
                0x000001a4                __vector_16
                0x000001a4                __vector_18
                0x000001a4                __vector_20
                0x000001a4                __vector_42
                0x000001a6                . = ALIGN (0x2)
 *(.text.*)
 .text.UL_handler_create
                0x000001a6       0x36 upLinkHandler.o
                0x000001a6                UL_handler_create
 .text.UL_receive_task
                0x000001dc      0x118 upLinkHandler.o
                0x000001dc                UL_receive_task
 .text._lora_setup
                0x000002f4      0x26c upLinkHandler.o
 .text.rcServoTask
                0x00000560       0xa2 window_controller.o
                0x00000560                rcServoTask
 .text.rcServoTask_create
                0x00000602       0x3a window_controller.o
                0x00000602                rcServoTask_create
 .text.CO2_handler_create
                0x0000063c       0x44 co2Sensor.o
                0x0000063c                CO2_handler_create
 .text.co2sensorTask
                0x00000680       0x52 co2Sensor.o
                0x00000680                co2sensorTask
 .text.mh_z19_callBack
                0x000006d2       0x3a co2Sensor.o
                0x000006d2                mh_z19_callBack
 .text.getCO2   0x0000070c       0x16 co2Sensor.o
                0x0000070c                getCO2
 .text.create_semaphores
                0x00000722      0x17a main.o
                0x00000722                create_semaphores
 .text.create_event_groups
                0x0000089c       0x24 main.o
                0x0000089c                create_event_groups
 .text.create_message_buffers
                0x000008c0       0x3c main.o
                0x000008c0                create_message_buffers
 .text.create_tasks
                0x000008fc       0x68 main.o
                0x000008fc                create_tasks
 .text.mutexPuts
                0x00000964       0x56 main.o
                0x00000964                mutexPuts
 .text.initialiseSystem
                0x000009ba       0x6a main.o
                0x000009ba                initialiseSystem
 .text.trigger_CO2_measurement_task
                0x00000a24       0xe0 main.o
                0x00000a24                trigger_CO2_measurement_task
 .text.UL_handler_send
                0x00000b04      0x14e main.o
                0x00000b04                UL_handler_send
 .text.main     0x00000c52       0x4c main.o
                0x00000c52                main
 .text.SensorDataPackage_create
                0x00000c9e       0x40 SensorDataPackage.o
                0x00000c9e                SensorDataPackage_create
 .text.SensorDataPackage_free
                0x00000cde       0x26 SensorDataPackage.o
                0x00000cde                SensorDataPackage_free
 .text.SensorDataPackage_setCO2
                0x00000d04       0x32 SensorDataPackage.o
                0x00000d04                SensorDataPackage_setCO2
 .text.SensorDataPackage_getCO2
                0x00000d36       0x24 SensorDataPackage.o
                0x00000d36                SensorDataPackage_getCO2
 .text.Configuration_create
                0x00000d5a       0x40 Configuration.o
                0x00000d5a                Configuration_create
 .text.Configuration_setCO2
                0x00000d9a       0x54 Configuration.o
                0x00000d9a                Configuration_setCO2
 .text.Configuration_getCO2
                0x00000dee       0x24 Configuration.o
                0x00000dee                Configuration_getCO2
 .text.DL_handler_create
                0x00000e12       0x36 DownLinkHandler.o
                0x00000e12                DL_handler_create
 .text.DL_update_task
                0x00000e48       0x62 DownLinkHandler.o
                0x00000e48                DL_update_task
 .text.xEventGroupCreate
                0x00000eaa       0x42 FreeRTOS/src/event_groups.o
                0x00000eaa                xEventGroupCreate
 .text.xEventGroupWaitBits
                0x00000eec      0x26e FreeRTOS/src/event_groups.o
                0x00000eec                xEventGroupWaitBits
 .text.xEventGroupClearBits
                0x0000115a       0x9a FreeRTOS/src/event_groups.o
                0x0000115a                xEventGroupClearBits
 .text.xEventGroupSetBits
                0x000011f4      0x21c FreeRTOS/src/event_groups.o
                0x000011f4                xEventGroupSetBits
 .text.prvTestWaitCondition
                0x00001410       0x9a FreeRTOS/src/event_groups.o
 .text.pvPortMalloc
                0x000014aa      0x22c FreeRTOS/src/heap_4.o
                0x000014aa                pvPortMalloc
 .text.vPortFree
                0x000016d6       0xde FreeRTOS/src/heap_4.o
                0x000016d6                vPortFree
 .text.prvHeapInit
                0x000017b4      0x100 FreeRTOS/src/heap_4.o
 .text.prvInsertBlockIntoFreeList
                0x000018b4      0x168 FreeRTOS/src/heap_4.o
 .text.vListInitialise
                0x00001a1c       0x74 FreeRTOS/src/list.o
                0x00001a1c                vListInitialise
 .text.vListInitialiseItem
                0x00001a90       0x26 FreeRTOS/src/list.o
                0x00001a90                vListInitialiseItem
 .text.vListInsert
                0x00001ab6      0x10e FreeRTOS/src/list.o
                0x00001ab6                vListInsert
 .text.uxListRemove
                0x00001bc4       0xae FreeRTOS/src/list.o
                0x00001bc4                uxListRemove
 .text.pxPortInitialiseStack
                0x00001c72      0x11c FreeRTOS/src/port.o
                0x00001c72                pxPortInitialiseStack
 .text.xPortStartScheduler
                0x00001d8e       0x70 FreeRTOS/src/port.o
                0x00001d8e                xPortStartScheduler
 .text.vPortYield
                0x00001dfe       0xc4 FreeRTOS/src/port.o
                0x00001dfe                vPortYield
 .text.vPortYieldFromTick
                0x00001ec2       0xd4 FreeRTOS/src/port.o
                0x00001ec2                vPortYieldFromTick
 .text.prvSetupTimerInterrupt
                0x00001f96       0x3e FreeRTOS/src/port.o
 .text.__vector_12
                0x00001fd4        0x6 FreeRTOS/src/port.o
                0x00001fd4                __vector_12
 .text.xQueueGenericReset
                0x00001fda      0x120 FreeRTOS/src/queue.o
                0x00001fda                xQueueGenericReset
 .text.xQueueGenericCreate
                0x000020fa       0x90 FreeRTOS/src/queue.o
                0x000020fa                xQueueGenericCreate
 .text.prvInitialiseNewQueue
                0x0000218a       0x7e FreeRTOS/src/queue.o
 .text.prvInitialiseMutex
                0x00002208       0x56 FreeRTOS/src/queue.o
 .text.xQueueCreateMutex
                0x0000225e       0x3c FreeRTOS/src/queue.o
                0x0000225e                xQueueCreateMutex
 .text.xQueueGenericSend
                0x0000229a      0x16c FreeRTOS/src/queue.o
                0x0000229a                xQueueGenericSend
 .text.xQueueGenericSendFromISR
                0x00002406       0xc6 FreeRTOS/src/queue.o
                0x00002406                xQueueGenericSendFromISR
 .text.xQueueReceive
                0x000024cc      0x168 FreeRTOS/src/queue.o
                0x000024cc                xQueueReceive
 .text.xQueueSemaphoreTake
                0x00002634      0x1ca FreeRTOS/src/queue.o
                0x00002634                xQueueSemaphoreTake
 .text.prvGetDisinheritPriorityAfterTimeout
                0x000027fe       0x48 FreeRTOS/src/queue.o
 .text.prvCopyDataToQueue
                0x00002846      0x1a0 FreeRTOS/src/queue.o
 .text.prvCopyDataFromQueue
                0x000029e6       0xa2 FreeRTOS/src/queue.o
 .text.prvUnlockQueue
                0x00002a88       0xbc FreeRTOS/src/queue.o
 .text.prvIsQueueEmpty
                0x00002b44       0x3a FreeRTOS/src/queue.o
 .text.prvIsQueueFull
                0x00002b7e       0x42 FreeRTOS/src/queue.o
 .text.vQueueWaitForMessageRestricted
                0x00002bc0       0x9e FreeRTOS/src/queue.o
                0x00002bc0                vQueueWaitForMessageRestricted
 .text.xStreamBufferGenericCreate
                0x00002c5e       0xaa FreeRTOS/src/stream_buffer.o
                0x00002c5e                xStreamBufferGenericCreate
 .text.xStreamBufferReset
                0x00002d08       0x9c FreeRTOS/src/stream_buffer.o
                0x00002d08                xStreamBufferReset
 .text.xStreamBufferSpacesAvailable
                0x00002da4       0x9c FreeRTOS/src/stream_buffer.o
                0x00002da4                xStreamBufferSpacesAvailable
 .text.xStreamBufferSend
                0x00002e40      0x1f4 FreeRTOS/src/stream_buffer.o
                0x00002e40                xStreamBufferSend
 .text.xStreamBufferSendFromISR
                0x00003034      0x102 FreeRTOS/src/stream_buffer.o
                0x00003034                xStreamBufferSendFromISR
 .text.prvWriteMessageToBuffer
                0x00003136       0xd8 FreeRTOS/src/stream_buffer.o
 .text.xStreamBufferReceive
                0x0000320e      0x194 FreeRTOS/src/stream_buffer.o
                0x0000320e                xStreamBufferReceive
 .text.prvReadMessageFromBuffer
                0x000033a2       0xcc FreeRTOS/src/stream_buffer.o
 .text.prvWriteBytesToBuffer
                0x0000346e      0x11e FreeRTOS/src/stream_buffer.o
 .text.prvReadBytesFromBuffer
                0x0000358c      0x14e FreeRTOS/src/stream_buffer.o
 .text.prvBytesInBuffer
                0x000036da       0x86 FreeRTOS/src/stream_buffer.o
 .text.prvInitialiseNewStreamBuffer
                0x00003760       0x82 FreeRTOS/src/stream_buffer.o
 .text.xTaskCreate
                0x000037e2       0xdc FreeRTOS/src/tasks.o
                0x000037e2                xTaskCreate
 .text.prvInitialiseNewTask
                0x000038be      0x1de FreeRTOS/src/tasks.o
 .text.prvAddNewTaskToReadyList
                0x00003a9c      0x1a6 FreeRTOS/src/tasks.o
 .text.vTaskDelay
                0x00003c42       0x5c FreeRTOS/src/tasks.o
                0x00003c42                vTaskDelay
 .text.vTaskStartScheduler
                0x00003c9e       0x8a FreeRTOS/src/tasks.o
                0x00003c9e                vTaskStartScheduler
 .text.vTaskSuspendAll
                0x00003d28       0x1a FreeRTOS/src/tasks.o
                0x00003d28                vTaskSuspendAll
 .text.xTaskResumeAll
                0x00003d42      0x31e FreeRTOS/src/tasks.o
                0x00003d42                xTaskResumeAll
 .text.xTaskGetTickCount
                0x00004060       0x48 FreeRTOS/src/tasks.o
                0x00004060                xTaskGetTickCount
 .text.xTaskIncrementTick
                0x000040a8      0x3f2 FreeRTOS/src/tasks.o
                0x000040a8                xTaskIncrementTick
 .text.vTaskSwitchContext
                0x0000449a      0x118 FreeRTOS/src/tasks.o
                0x0000449a                vTaskSwitchContext
 .text.vTaskPlaceOnEventList
                0x000045b2       0x56 FreeRTOS/src/tasks.o
                0x000045b2                vTaskPlaceOnEventList
 .text.vTaskPlaceOnUnorderedEventList
                0x00004608      0x104 FreeRTOS/src/tasks.o
                0x00004608                vTaskPlaceOnUnorderedEventList
 .text.vTaskPlaceOnEventListRestricted
                0x0000470c       0xee FreeRTOS/src/tasks.o
                0x0000470c                vTaskPlaceOnEventListRestricted
 .text.xTaskRemoveFromEventList
                0x000047fa      0x2ea FreeRTOS/src/tasks.o
                0x000047fa                xTaskRemoveFromEventList
 .text.vTaskRemoveFromUnorderedEventList
                0x00004ae4      0x27c FreeRTOS/src/tasks.o
                0x00004ae4                vTaskRemoveFromUnorderedEventList
 .text.vTaskSetTimeOutState
                0x00004d60       0x50 FreeRTOS/src/tasks.o
                0x00004d60                vTaskSetTimeOutState
 .text.vTaskInternalSetTimeOutState
                0x00004db0       0x46 FreeRTOS/src/tasks.o
                0x00004db0                vTaskInternalSetTimeOutState
 .text.xTaskCheckForTimeOut
                0x00004df6      0x160 FreeRTOS/src/tasks.o
                0x00004df6                xTaskCheckForTimeOut
 .text.vTaskMissedYield
                0x00004f56       0x16 FreeRTOS/src/tasks.o
                0x00004f56                vTaskMissedYield
 .text.prvInitialiseTaskLists
                0x00004f6c       0x7e FreeRTOS/src/tasks.o
 .text.prvCheckTasksWaitingTermination
                0x00004fea       0x62 FreeRTOS/src/tasks.o
 .text.prvDeleteTCB
                0x0000504c       0x32 FreeRTOS/src/tasks.o
 .text.prvResetNextTaskUnblockTime
                0x0000507e       0x60 FreeRTOS/src/tasks.o
 .text.xTaskGetCurrentTaskHandle
                0x000050de       0x26 FreeRTOS/src/tasks.o
                0x000050de                xTaskGetCurrentTaskHandle
 .text.xTaskGetSchedulerState
                0x00005104       0x32 FreeRTOS/src/tasks.o
                0x00005104                xTaskGetSchedulerState
 .text.xTaskPriorityInherit
                0x00005136      0x22c FreeRTOS/src/tasks.o
                0x00005136                xTaskPriorityInherit
 .text.xTaskPriorityDisinherit
                0x00005362      0x1ce FreeRTOS/src/tasks.o
                0x00005362                xTaskPriorityDisinherit
 .text.vTaskPriorityDisinheritAfterTimeout
                0x00005530      0x20c FreeRTOS/src/tasks.o
                0x00005530                vTaskPriorityDisinheritAfterTimeout
 .text.uxTaskResetEventItemValue
                0x0000573c       0x8e FreeRTOS/src/tasks.o
                0x0000573c                uxTaskResetEventItemValue
 .text.pvTaskIncrementMutexHeldCount
                0x000057ca       0x34 FreeRTOS/src/tasks.o
                0x000057ca                pvTaskIncrementMutexHeldCount
 .text.xTaskGenericNotifyWait
                0x000057fe      0x20e FreeRTOS/src/tasks.o
                0x000057fe                xTaskGenericNotifyWait
 .text.xTaskGenericNotify
                0x00005a0c      0x3a2 FreeRTOS/src/tasks.o
                0x00005a0c                xTaskGenericNotify
 .text.xTaskGenericNotifyFromISR
                0x00005dae      0x438 FreeRTOS/src/tasks.o
                0x00005dae                xTaskGenericNotifyFromISR
 .text.xTaskGenericNotifyStateClear
                0x000061e6       0x7e FreeRTOS/src/tasks.o
                0x000061e6                xTaskGenericNotifyStateClear
 .text.prvAddCurrentTaskToDelayedList
                0x00006264      0x1c6 FreeRTOS/src/tasks.o
 .text.xTimerCreateTimerTask
                0x0000642a       0x54 FreeRTOS/src/timers.o
                0x0000642a                xTimerCreateTimerTask
 .text.xTimerGenericCommand
                0x0000647e       0xf2 FreeRTOS/src/timers.o
                0x0000647e                xTimerGenericCommand
 .text.prvProcessExpiredTimer
                0x00006570      0x116 FreeRTOS/src/timers.o
 .text.prvProcessTimerOrBlockTask
                0x00006686       0xfe FreeRTOS/src/timers.o
 .text.prvGetNextExpireTime
                0x00006784       0x82 FreeRTOS/src/timers.o
 .text.prvSampleTimeNow
                0x00006806       0x8e FreeRTOS/src/timers.o
 .text.prvInsertTimerInActiveList
                0x00006894      0x13e FreeRTOS/src/timers.o
 .text.prvProcessReceivedCommands
                0x000069d2      0x244 FreeRTOS/src/timers.o
 .text.prvSwitchTimerLists
                0x00006c16      0x186 FreeRTOS/src/timers.o
 .text.prvCheckForValidListAndQueue
                0x00006d9c       0x60 FreeRTOS/src/timers.o
 .text.vApplicationIdleHook
                0x00006dfc       0x10 FreeRTOS/src/variantHooks.o
                0x00006dfc                vApplicationIdleHook
 .text.prvSetMainLedOn
                0x00006e0c       0x34 FreeRTOS/src/variantHooks.o
                0x00006e0c                prvSetMainLedOn
 .text.prvBlinkMainLed
                0x00006e40       0x22 FreeRTOS/src/variantHooks.o
                0x00006e40                prvBlinkMainLed
 .text.vApplicationMallocFailedHook
                0x00006e62       0xf2 FreeRTOS/src/variantHooks.o
                0x00006e62                vApplicationMallocFailedHook
 .text.vApplicationStackOverflowHook
                0x00006f54       0xfa FreeRTOS/src/variantHooks.o
                0x00006f54                vApplicationStackOverflowHook
 .text.avr-libc.fplib
                0x0000704e        0x8 c:/program files (x86)/atmel/studio/7.0/toolchain/avr8/avr8-gnu-toolchain/bin/../lib/gcc/avr/5.4.0/../../../../avr/lib/avr6\libm.a(cmpsf2.o)
                0x0000704e                __nesf2
                0x0000704e                __eqsf2
                0x0000704e                __cmpsf2
                0x0000704e                __ltsf2
                0x0000704e                __lesf2
 .text.avr-libc.fplib
                0x00007056       0x58 c:/program files (x86)/atmel/studio/7.0/toolchain/avr8/avr8-gnu-toolchain/bin/../lib/gcc/avr/5.4.0/../../../../avr/lib/avr6\libm.a(fixunssfsi.o)
                0x00007056                __fixunssfsi
 .text.avr-libc.fplib
                0x000070ae       0x48 c:/program files (x86)/atmel/studio/7.0/toolchain/avr8/avr8-gnu-toolchain/bin/../lib/gcc/avr/5.4.0/../../../../avr/lib/avr6\libm.a(fp_cmp.o)
                0x000070ae                __fp_cmp
 .text.avr-libc.fplib
                0x000070f6       0x44 c:/program files (x86)/atmel/studio/7.0/toolchain/avr8/avr8-gnu-toolchain/bin/../lib/gcc/avr/5.4.0/../../../../avr/lib/avr6\libm.a(fp_split3.o)
                0x000070f6                __fp_split3
                0x00007106                __fp_splitA
 .text.avr-libc.fplib
                0x0000713a        0xe c:/program files (x86)/atmel/studio/7.0/toolchain/avr8/avr8-gnu-toolchain/bin/../lib/gcc/avr/5.4.0/../../../../avr/lib/avr6\libm.a(fp_zero.o)
                0x0000713a                __fp_zero
                0x0000713c                __fp_szero
 .text.avr-libc.fplib
                0x00007148        0x8 c:/program files (x86)/atmel/studio/7.0/toolchain/avr8/avr8-gnu-toolchain/bin/../lib/gcc/avr/5.4.0/../../../../avr/lib/avr6\libm.a(gesf2.o)
                0x00007148                __gesf2
                0x00007148                __gtsf2
 .text.avr-libc.fplib
                0x00007150        0x4 c:/program files (x86)/atmel/studio/7.0/toolchain/avr8/avr8-gnu-toolchain/bin/../lib/gcc/avr/5.4.0/../../../../avr/lib/avr6\libm.a(mulsf3.o)
                0x00007150                __mulsf3
 .text.avr-libc.fplib
                0x00007154       0xc2 c:/program files (x86)/atmel/studio/7.0/toolchain/avr8/avr8-gnu-toolchain/bin/../lib/gcc/avr/5.4.0/../../../../avr/lib/avr6\libm.a(mulsf3x.o)
                0x00007168                __mulsf3x
                0x0000716c                __mulsf3_pse
 .text.avr-libc.fplib
                0x00007216        0xc c:/program files (x86)/atmel/studio/7.0/toolchain/avr8/avr8-gnu-toolchain/bin/../lib/gcc/avr/5.4.0/../../../../avr/lib/avr6\libm.a(fp_inf.o)
                0x00007216                __fp_inf
 .text.avr-libc.fplib
                0x00007222        0x6 c:/program files (x86)/atmel/studio/7.0/toolchain/avr8/avr8-gnu-toolchain/bin/../lib/gcc/avr/5.4.0/../../../../avr/lib/avr6\libm.a(fp_nan.o)
                0x00007222                __fp_nan
 .text.avr-libc.fplib
                0x00007228        0xe c:/program files (x86)/atmel/studio/7.0/toolchain/avr8/avr8-gnu-toolchain/bin/../lib/gcc/avr/5.4.0/../../../../avr/lib/avr6\libm.a(fp_pscA.o)
                0x00007228                __fp_pscA
 .text.avr-libc.fplib
                0x00007236        0xe c:/program files (x86)/atmel/studio/7.0/toolchain/avr8/avr8-gnu-toolchain/bin/../lib/gcc/avr/5.4.0/../../../../avr/lib/avr6\libm.a(fp_pscB.o)
                0x00007236                __fp_pscB
 .text.avr-libc.fplib
                0x00007244       0x22 c:/program files (x86)/atmel/studio/7.0/toolchain/avr8/avr8-gnu-toolchain/bin/../lib/gcc/avr/5.4.0/../../../../avr/lib/avr6\libm.a(fp_round.o)
                0x00007244                __fp_round
 .text._serialCallBack
                0x00007266       0x8c ../drivers\libIotLibrary.a(lora_driver.o)
 .text._uploadMessage
                0x000072f2       0xb4 ../drivers\libIotLibrary.a(lora_driver.o)
 .text._reply2ReturnCode
                0x000073a6       0xea ../drivers\libIotLibrary.a(lora_driver.o)
 .text._uploadMessageRc
                0x00007490        0x6 ../drivers\libIotLibrary.a(lora_driver.o)
 .text.lora_driver_flushBuffers
                0x00007496        0xe ../drivers\libIotLibrary.a(lora_driver.o)
                0x00007496                lora_driver_flushBuffers
 .text.lora_driver_initialise
                0x000074a4       0x80 ../drivers\libIotLibrary.a(lora_driver.o)
                0x000074a4                lora_driver_initialise
 .text.lora_driver_resetRn2483
                0x00007524       0x1c ../drivers\libIotLibrary.a(lora_driver.o)
                0x00007524                lora_driver_resetRn2483
 .text.lora_driver_rn2483FactoryReset
                0x00007540       0x24 ../drivers\libIotLibrary.a(lora_driver.o)
                0x00007540                lora_driver_rn2483FactoryReset
 .text.lora_driver_getRn2483Hweui
                0x00007564       0x38 ../drivers\libIotLibrary.a(lora_driver.o)
                0x00007564                lora_driver_getRn2483Hweui
 .text.lora_driver_setDeviceIdentifier
                0x0000759c       0x22 ../drivers\libIotLibrary.a(lora_driver.o)
                0x0000759c                lora_driver_setDeviceIdentifier
 .text.lora_driver_setApplicationIdentifier
                0x000075be       0x22 ../drivers\libIotLibrary.a(lora_driver.o)
                0x000075be                lora_driver_setApplicationIdentifier
 .text.lora_driver_setApplicationKey
                0x000075e0       0x22 ../drivers\libIotLibrary.a(lora_driver.o)
                0x000075e0                lora_driver_setApplicationKey
 .text.lora_driver_saveMac
                0x00007602        0xc ../drivers\libIotLibrary.a(lora_driver.o)
                0x00007602                lora_driver_saveMac
 .text.lora_driver_join
                0x0000760e       0x52 ../drivers\libIotLibrary.a(lora_driver.o)
                0x0000760e                lora_driver_join
 .text.lora_driver_sendUploadMessage
                0x00007660      0x196 ../drivers\libIotLibrary.a(lora_driver.o)
                0x00007660                lora_driver_sendUploadMessage
 .text.lora_driver_setAdaptiveDataRate
                0x000077f6       0x16 ../drivers\libIotLibrary.a(lora_driver.o)
                0x000077f6                lora_driver_setAdaptiveDataRate
 .text.lora_driver_setReceiveDelay
                0x0000780c       0x30 ../drivers\libIotLibrary.a(lora_driver.o)
                0x0000780c                lora_driver_setReceiveDelay
 .text.lora_driver_configureToEu868
                0x0000783c      0x1bc ../drivers\libIotLibrary.a(lora_driver.o)
                0x0000783c                lora_driver_configureToEu868
 .text.lora_driver_setOtaaIdentity
                0x000079f8       0x42 ../drivers\libIotLibrary.a(lora_driver.o)
                0x000079f8                lora_driver_setOtaaIdentity
 .text.lora_driver_mapReturnCodeToText
                0x00007a3a       0x18 ../drivers\libIotLibrary.a(lora_driver.o)
                0x00007a3a                lora_driver_mapReturnCodeToText
 .text.decode_port_no
                0x00007a52       0x58 ../drivers\libIotLibrary.a(lora_driver_utils.o)
                0x00007a52                decode_port_no
 .text.decode_hexadecimal_string_bytes
                0x00007aaa       0x92 ../drivers\libIotLibrary.a(lora_driver_utils.o)
                0x00007aaa                decode_hexadecimal_string_bytes
 .text._serialCallBack
                0x00007b3c       0xb6 ../drivers\libIotLibrary.a(mh_z19.o)
 .text.mh_z19_initialise
                0x00007bf2       0x4a ../drivers\libIotLibrary.a(mh_z19.o)
                0x00007bf2                mh_z19_initialise
 .text.mh_z19_injectCallBack
                0x00007c3c        0xa ../drivers\libIotLibrary.a(mh_z19.o)
                0x00007c3c                mh_z19_injectCallBack
 .text.mh_z19_takeMeassuring
                0x00007c46       0x5e ../drivers\libIotLibrary.a(mh_z19.o)
                0x00007c46                mh_z19_takeMeassuring
 .text.rc_servo_setPosition
                0x00007ca4       0x30 ../drivers\libIotLibrary.a(rc_servo.o)
                0x00007ca4                rc_servo_setPosition
 .text.rc_servo_initialise
                0x00007cd4       0x38 ../drivers\libIotLibrary.a(rc_servo.o)
                0x00007cd4                rc_servo_initialise
 .text.serial_create
                0x00007d0c      0x138 ../drivers\libIotLibrary.a(serial.o)
                0x00007d0c                serial_create
 .text.serial_sendByte
                0x00007e44       0x56 ../drivers\libIotLibrary.a(serial.o)
                0x00007e44                serial_sendByte
 .text.serial_sendBytes
                0x00007e9a       0xaa ../drivers\libIotLibrary.a(serial.o)
                0x00007e9a                serial_sendBytes
 .text.serial_getByte
                0x00007f44       0x40 ../drivers\libIotLibrary.a(serial.o)
                0x00007f44                serial_getByte
 .text.__vector_25
                0x00007f84       0xa4 ../drivers\libIotLibrary.a(serial.o)
                0x00007f84                __vector_25
 .text.__vector_26
                0x00008028       0x88 ../drivers\libIotLibrary.a(serial.o)
                0x00008028                __vector_26
 .text.__vector_36
                0x000080b0       0xa4 ../drivers\libIotLibrary.a(serial.o)
                0x000080b0                __vector_36
 .text.__vector_37
                0x00008154       0x88 ../drivers\libIotLibrary.a(serial.o)
                0x00008154                __vector_37
 .text.__vector_51
                0x000081dc       0xa4 ../drivers\libIotLibrary.a(serial.o)
                0x000081dc                __vector_51
 .text.__vector_52
                0x00008280       0x88 ../drivers\libIotLibrary.a(serial.o)
                0x00008280                __vector_52
 .text.__vector_54
                0x00008308       0xa4 ../drivers\libIotLibrary.a(serial.o)
                0x00008308                __vector_54
 .text.__vector_55
                0x000083ac       0x88 ../drivers\libIotLibrary.a(serial.o)
                0x000083ac                __vector_55
 .text.usart_getchar
                0x00008434       0x2a ../drivers\libIotLibrary.a(stdio_driver.o)
 .text.usart_putchar
                0x0000845e       0x12 ../drivers\libIotLibrary.a(stdio_driver.o)
 .text.stdio_initialise
                0x00008470       0x52 ../drivers\libIotLibrary.a(stdio_driver.o)
                0x00008470                stdio_initialise
 .text._turn_off
                0x000084c2       0x98 ../drivers\libIotLibrary.a(status_leds.o)
 .text._turn_on
                0x0000855a       0x98 ../drivers\libIotLibrary.a(status_leds.o)
 .text._hal_led_task
                0x000085f2       0x8c ../drivers\libIotLibrary.a(status_leds.o)
 .text.status_leds_initialise
                0x0000867e       0x9c ../drivers\libIotLibrary.a(status_leds.o)
                0x0000867e                status_leds_initialise
 .text.status_leds_slowBlink
                0x0000871a       0x46 ../drivers\libIotLibrary.a(status_leds.o)
                0x0000871a                status_leds_slowBlink
 .text.status_leds_fastBlink
                0x00008760       0x46 ../drivers\libIotLibrary.a(status_leds.o)
                0x00008760                status_leds_fastBlink
 .text.status_leds_ledOn
                0x000087a6       0x1e ../drivers\libIotLibrary.a(status_leds.o)
                0x000087a6                status_leds_ledOn
 .text.status_leds_ledOff
                0x000087c4       0x1e ../drivers\libIotLibrary.a(status_leds.o)
                0x000087c4                status_leds_ledOff
 .text.status_leds_longPuls
                0x000087e2       0x24 ../drivers\libIotLibrary.a(status_leds.o)
                0x000087e2                status_leds_longPuls
 .text.status_leds_shortPuls
                0x00008806       0x24 ../drivers\libIotLibrary.a(status_leds.o)
                0x00008806                status_leds_shortPuls
 .text.fifo_init
                0x0000882a       0x38 ../drivers\libIotLibrary.a(fifo.o)
                0x0000882a                fifo_init
 .text.avr-libc.fplib
                0x00008862        0xc c:/program files (x86)/atmel/studio/7.0/toolchain/avr8/avr8-gnu-toolchain/bin/../lib/gcc/avr/5.4.0/../../../../avr/lib/avr6\libm.a(addsf3.o)
                0x00008862                __subsf3
                0x00008864                __addsf3
 .text.avr-libc.fplib
                0x0000886e       0xcc c:/program files (x86)/atmel/studio/7.0/toolchain/avr8/avr8-gnu-toolchain/bin/../lib/gcc/avr/5.4.0/../../../../avr/lib/avr6\libm.a(addsf3x.o)
                0x00008890                __addsf3x
 .text.avr-libc.fplib
                0x0000893a        0x6 c:/program files (x86)/atmel/studio/7.0/toolchain/avr8/avr8-gnu-toolchain/bin/../lib/gcc/avr/5.4.0/../../../../avr/lib/avr6\libm.a(divsf3.o)
                0x0000893a                __divsf3
 .text.avr-libc.fplib
                0x00008940       0xdc c:/program files (x86)/atmel/studio/7.0/toolchain/avr8/avr8-gnu-toolchain/bin/../lib/gcc/avr/5.4.0/../../../../avr/lib/avr6\libm.a(divsf3x.o)
                0x00008960                __divsf3x
                0x00008966                __divsf3_pse
 .text.avr-libc.fplib
                0x00008a1c       0x7a c:/program files (x86)/atmel/studio/7.0/toolchain/avr8/avr8-gnu-toolchain/bin/../lib/gcc/avr/5.4.0/../../../../avr/lib/avr6\libm.a(floatsisf.o)
                0x00008a1c                __floatunsisf
                0x00008a20                __floatsisf
 .text.libgcc   0x00008a96       0x10 c:/program files (x86)/atmel/studio/7.0/toolchain/avr8/avr8-gnu-toolchain/bin/../lib/gcc/avr/5.4.0/avr6\libgcc.a(_tablejump2.o)
                0x00008a96                __tablejump2__
 .text.avr-libc
                0x00008aa6      0x242 c:/program files (x86)/atmel/studio/7.0/toolchain/avr8/avr8-gnu-toolchain/bin/../lib/gcc/avr/5.4.0/../../../../avr/lib/avr6\libc.a(malloc.o)
                0x00008aa6                malloc
                0x00008bd6                free
 .text.avr-libc
                0x00008ce8        0x8 c:/program files (x86)/atmel/studio/7.0/toolchain/avr8/avr8-gnu-toolchain/bin/../lib/gcc/avr/5.4.0/../../../../avr/lib/avr6\libc.a(abort.o)
                0x00008ce8                abort
 .text.avr-libc
                0x00008cf0       0x12 c:/program files (x86)/atmel/studio/7.0/toolchain/avr8/avr8-gnu-toolchain/bin/../lib/gcc/avr/5.4.0/../../../../avr/lib/avr6\libc.a(memcpy.o)
                0x00008cf0                memcpy
 .text.avr-libc
                0x00008d02        0xe c:/program files (x86)/atmel/studio/7.0/toolchain/avr8/avr8-gnu-toolchain/bin/../lib/gcc/avr/5.4.0/../../../../avr/lib/avr6\libc.a(memset.o)
                0x00008d02                memset
 .text.avr-libc
                0x00008d10       0x4a c:/program files (x86)/atmel/studio/7.0/toolchain/avr8/avr8-gnu-toolchain/bin/../lib/gcc/avr/5.4.0/../../../../avr/lib/avr6\libc.a(strcasestr.o)
                0x00008d10                strcasestr
 .text.avr-libc
                0x00008d5a       0x16 c:/program files (x86)/atmel/studio/7.0/toolchain/avr8/avr8-gnu-toolchain/bin/../lib/gcc/avr/5.4.0/../../../../avr/lib/avr6\libc.a(strcat.o)
                0x00008d5a                strcat
 .text.avr-libc
                0x00008d70        0xe c:/program files (x86)/atmel/studio/7.0/toolchain/avr8/avr8-gnu-toolchain/bin/../lib/gcc/avr/5.4.0/../../../../avr/lib/avr6\libc.a(strcpy.o)
                0x00008d70                strcpy
 .text.avr-libc
                0x00008d7e       0x30 c:/program files (x86)/atmel/studio/7.0/toolchain/avr8/avr8-gnu-toolchain/bin/../lib/gcc/avr/5.4.0/../../../../avr/lib/avr6\libc.a(strncasecmp.o)
                0x00008d7e                strncasecmp
 .text.avr-libc
                0x00008dae       0x26 c:/program files (x86)/atmel/studio/7.0/toolchain/avr8/avr8-gnu-toolchain/bin/../lib/gcc/avr/5.4.0/../../../../avr/lib/avr6\libc.a(printf.o)
                0x00008dae                printf
 .text.avr-libc
                0x00008dd4       0x60 c:/program files (x86)/atmel/studio/7.0/toolchain/avr8/avr8-gnu-toolchain/bin/../lib/gcc/avr/5.4.0/../../../../avr/lib/avr6\libc.a(puts.o)
                0x00008dd4                puts
 .text.avr-libc
                0x00008e34       0x5c c:/program files (x86)/atmel/studio/7.0/toolchain/avr8/avr8-gnu-toolchain/bin/../lib/gcc/avr/5.4.0/../../../../avr/lib/avr6\libc.a(sprintf.o)
                0x00008e34                sprintf
 .text.avr-libc
                0x00008e90      0x3fa c:/program files (x86)/atmel/studio/7.0/toolchain/avr8/avr8-gnu-toolchain/bin/../lib/gcc/avr/5.4.0/../../../../avr/lib/avr6\libc.a(vfprintf_std.o)
                0x00008e90                vfprintf
 .text.avr-libc
                0x0000928a       0x16 c:/program files (x86)/atmel/studio/7.0/toolchain/avr8/avr8-gnu-toolchain/bin/../lib/gcc/avr/5.4.0/../../../../avr/lib/avr6\libc.a(strnlen_P.o)
                0x0000928a                strnlen_P
 .text.avr-libc
                0x000092a0       0x16 c:/program files (x86)/atmel/studio/7.0/toolchain/avr8/avr8-gnu-toolchain/bin/../lib/gcc/avr/5.4.0/../../../../avr/lib/avr6\libc.a(strnlen.o)
                0x000092a0                strnlen
 .text.avr-libc
                0x000092b6       0x78 c:/program files (x86)/atmel/studio/7.0/toolchain/avr8/avr8-gnu-toolchain/bin/../lib/gcc/avr/5.4.0/../../../../avr/lib/avr6\libc.a(fputc.o)
                0x000092b6                fputc
 .text.avr-libc
                0x0000932e       0xbc c:/program files (x86)/atmel/studio/7.0/toolchain/avr8/avr8-gnu-toolchain/bin/../lib/gcc/avr/5.4.0/../../../../avr/lib/avr6\libc.a(ultoa_invert.o)
                0x0000932e                __ultoa_invert
                0x000093ea                . = ALIGN (0x2)
 *(.fini9)
 .fini9         0x000093ea        0x0 c:/program files (x86)/atmel/studio/7.0/toolchain/avr8/avr8-gnu-toolchain/bin/../lib/gcc/avr/5.4.0/avr6\libgcc.a(_exit.o)
                0x000093ea                _exit
                0x000093ea                exit
 *(.fini9)
 *(.fini8)
 *(.fini8)
 *(.fini7)
 *(.fini7)
 *(.fini6)
 *(.fini6)
 *(.fini5)
 *(.fini5)
 *(.fini4)
 *(.fini4)
 *(.fini3)
 *(.fini3)
 *(.fini2)
 *(.fini2)
 *(.fini1)
 *(.fini1)
 *(.fini0)
 .fini0         0x000093ea        0x4 c:/program files (x86)/atmel/studio/7.0/toolchain/avr8/avr8-gnu-toolchain/bin/../lib/gcc/avr/5.4.0/avr6\libgcc.a(_exit.o)
 *(.fini0)
                0x000093ee                _etext = .

.data           0x00800200      0x752 load address 0x000093ee
                0x00800200                PROVIDE (__data_start, .)
 *(.data)
 .data          0x00800200        0x6 c:/program files (x86)/atmel/studio/7.0/toolchain/avr8/avr8-gnu-toolchain/bin/../lib/gcc/avr/5.4.0/../../../../avr/lib/avr6\libc.a(malloc.o)
                0x00800200                __malloc_heap_end
                0x00800202                __malloc_heap_start
                0x00800204                __malloc_margin
 *(.data*)
 .data.uxTopUsedPriority
                0x00800206        0x1 FreeRTOS/src/tasks.o
                0x00800206                uxTopUsedPriority
 .data._com_port_2_udr
                0x00800207        0x8 ../drivers\libIotLibrary.a(serial.o)
                0x00800207                _com_port_2_udr
 .data.mystdout.1882
                0x0080020f        0xe ../drivers\libIotLibrary.a(stdio_driver.o)
 *(.gnu.linkonce.d*)
 *(.rodata)
 .rodata        0x0080021d      0x159 upLinkHandler.o
 .rodata        0x00800376       0x30 window_controller.o
 .rodata        0x008003a6       0x32 co2Sensor.o
 .rodata        0x008003d8       0x9c main.o
 .rodata        0x00800474       0x34 Configuration.o
 .rodata        0x008004a8      0x17c DownLinkHandler.o
 .rodata        0x00800624        0x5 FreeRTOS/src/tasks.o
 .rodata        0x00800629        0x8 FreeRTOS/src/timers.o
 .rodata        0x00800631       0x20 ../drivers\libIotLibrary.a(lora_driver.o)
 .rodata        0x00800651       0x2d ../drivers\libIotLibrary.a(mh_z19.o)
 *(.rodata*)
 .rodata.str1.1
                0x0080067e      0x295 ../drivers\libIotLibrary.a(lora_driver.o)
                                0x2a5 (size before relaxing)
 .rodata._joinMode
                0x00800913        0x4 ../drivers\libIotLibrary.a(lora_driver.o)
 .rodata._returnCode
                0x00800917       0x33 ../drivers\libIotLibrary.a(lora_driver.o)
                0x00800917                _returnCode
 .rodata.str1.1
                0x0080094a        0x8 ../drivers\libIotLibrary.a(status_leds.o)
 *(.gnu.linkonce.r*)
                0x00800952                . = ALIGN (0x2)
                0x00800952                _edata = .
                0x00800952                PROVIDE (__data_end, .)

.bss            0x00800952      0xcd4
                0x00800952                PROVIDE (__bss_start, .)
 *(.bss)
 *(.bss*)
 .bss._out_buf  0x00800952       0x64 upLinkHandler.o
 .bss._IsClosed
                0x008009b6        0x1 window_controller.o
 .bss.measureEventGroup
                0x008009b7        0x2 main.o
                0x008009b7                measureEventGroup
 .bss.readyEventGroup
                0x008009b9        0x2 main.o
                0x008009b9                readyEventGroup
 .bss.UpLinkMessageBuffer
                0x008009bb        0x2 main.o
 .bss.DownLinkMessageBuffer
                0x008009bd        0x2 main.o
 .bss.ucHeap    0x008009bf      0x9c4 FreeRTOS/src/heap_4.o
 .bss.xStart    0x00801383        0x4 FreeRTOS/src/heap_4.o
 .bss.pxEnd     0x00801387        0x2 FreeRTOS/src/heap_4.o
 .bss.xFreeBytesRemaining
                0x00801389        0x2 FreeRTOS/src/heap_4.o
 .bss.xMinimumEverFreeBytesRemaining
                0x0080138b        0x2 FreeRTOS/src/heap_4.o
 .bss.xNumberOfSuccessfulAllocations
                0x0080138d        0x2 FreeRTOS/src/heap_4.o
 .bss.xNumberOfSuccessfulFrees
                0x0080138f        0x2 FreeRTOS/src/heap_4.o
 .bss.xBlockAllocatedBit
                0x00801391        0x2 FreeRTOS/src/heap_4.o
 .bss.pxCurrentTCB
                0x00801393        0x2 FreeRTOS/src/tasks.o
                0x00801393                pxCurrentTCB
 .bss.pxReadyTasksLists
                0x00801395       0x6e FreeRTOS/src/tasks.o
 .bss.xDelayedTaskList1
                0x00801403        0xb FreeRTOS/src/tasks.o
 .bss.xDelayedTaskList2
                0x0080140e        0xb FreeRTOS/src/tasks.o
 .bss.pxDelayedTaskList
                0x00801419        0x2 FreeRTOS/src/tasks.o
 .bss.pxOverflowDelayedTaskList
                0x0080141b        0x2 FreeRTOS/src/tasks.o
 .bss.xPendingReadyList
                0x0080141d        0xb FreeRTOS/src/tasks.o
 .bss.xTasksWaitingTermination
                0x00801428        0xb FreeRTOS/src/tasks.o
 .bss.uxDeletedTasksWaitingCleanUp
                0x00801433        0x1 FreeRTOS/src/tasks.o
 .bss.xSuspendedTaskList
                0x00801434        0xb FreeRTOS/src/tasks.o
 .bss.uxCurrentNumberOfTasks
                0x0080143f        0x1 FreeRTOS/src/tasks.o
 .bss.xTickCount
                0x00801440        0x4 FreeRTOS/src/tasks.o
 .bss.uxTopReadyPriority
                0x00801444        0x1 FreeRTOS/src/tasks.o
 .bss.xSchedulerRunning
                0x00801445        0x1 FreeRTOS/src/tasks.o
 .bss.xPendedTicks
                0x00801446        0x4 FreeRTOS/src/tasks.o
 .bss.xYieldPending
                0x0080144a        0x1 FreeRTOS/src/tasks.o
 .bss.xNumOfOverflows
                0x0080144b        0x1 FreeRTOS/src/tasks.o
 .bss.uxTaskNumber
                0x0080144c        0x1 FreeRTOS/src/tasks.o
 .bss.xNextTaskUnblockTime
                0x0080144d        0x4 FreeRTOS/src/tasks.o
 .bss.xIdleTaskHandle
                0x00801451        0x2 FreeRTOS/src/tasks.o
 .bss.uxSchedulerSuspended
                0x00801453        0x1 FreeRTOS/src/tasks.o
 .bss.xActiveTimerList1
                0x00801454        0xb FreeRTOS/src/timers.o
 .bss.xActiveTimerList2
                0x0080145f        0xb FreeRTOS/src/timers.o
 .bss.pxCurrentTimerList
                0x0080146a        0x2 FreeRTOS/src/timers.o
 .bss.pxOverflowTimerList
                0x0080146c        0x2 FreeRTOS/src/timers.o
 .bss.xTimerQueue
                0x0080146e        0x2 FreeRTOS/src/timers.o
 .bss.xTimerTaskHandle
                0x00801470        0x2 FreeRTOS/src/timers.o
 .bss.xLastTime.2436
                0x00801472        0x4 FreeRTOS/src/timers.o
 .bss._tmp_buf.2871
                0x00801476       0x64 ../drivers\libIotLibrary.a(lora_driver.o)
 .bss.rec_buf_inp.2878
                0x008014da        0x1 ../drivers\libIotLibrary.a(lora_driver.o)
 .bss._downlinkMessageBuffer
                0x008014db        0x2 ../drivers\libIotLibrary.a(lora_driver.o)
 .bss._serialReplyBufferHandle
                0x008014dd        0x2 ../drivers\libIotLibrary.a(lora_driver.o)
 .bss._rn2483_serial
                0x008014df        0x2 ../drivers\libIotLibrary.a(lora_driver.o)
 .bss._downlinkPayload
                0x008014e1       0x16 ../drivers\libIotLibrary.a(lora_driver.o)
 .bss._payLoadHexBytes
                0x008014f7       0x15 ../drivers\libIotLibrary.a(lora_driver.o)
 .bss._recMessageBuf
                0x0080150c       0x2d ../drivers\libIotLibrary.a(lora_driver.o)
 .bss._sendMessage
                0x00801539       0x2d ../drivers\libIotLibrary.a(lora_driver.o)
 .bss._replyMess
                0x00801566       0x2d ../drivers\libIotLibrary.a(lora_driver.o)
 .bss.data.1944
                0x00801593        0x2 ../drivers\libIotLibrary.a(mh_z19.o)
 .bss.inDex.1943
                0x00801595        0x1 ../drivers\libIotLibrary.a(mh_z19.o)
 .bss.crc_sum.1945
                0x00801596        0x1 ../drivers\libIotLibrary.a(mh_z19.o)
 .bss._appCallBack
                0x00801597        0x2 ../drivers\libIotLibrary.a(mh_z19.o)
 .bss._mh_state
                0x00801599        0x1 ../drivers\libIotLibrary.a(mh_z19.o)
                0x00801599                _mh_state
 .bss._ppm      0x0080159a        0x2 ../drivers\libIotLibrary.a(mh_z19.o)
 .bss._serial   0x0080159c        0x2 ../drivers\libIotLibrary.a(mh_z19.o)
 .bss._ser_handle
                0x0080159e        0x8 ../drivers\libIotLibrary.a(serial.o)
 .bss._com_serial_instance
                0x008015a6        0x2 ../drivers\libIotLibrary.a(stdio_driver.o)
 .bss._led_status
                0x008015a8       0x18 ../drivers\libIotLibrary.a(status_leds.o)
 *(COMMON)
 COMMON         0x008015c0        0x6 upLinkHandler.o
                0x008015c0                windowControllerMutex
                0x008015c2                UpLinkReceiveMutex
                0x008015c4                UpLinkMessageBuffer
 COMMON         0x008015c6        0x5 window_controller.o
                0x008015c6                rc
                0x008015c7                UpLinkSendMutex
                0x008015c9                lastCO2ppm
 COMMON         0x008015cb       0x49 main.o
                0x008015cb                measureCo2Mutex
                0x008015cd                DownLinkUpdateMutex
                0x008015cf                buff
                0x0080160e                putsMutex
                0x00801610                DownLinkReceiveMutex
                0x00801612                sysInitMutex
 COMMON         0x00801614        0x8 DownLinkHandler.o
                0x00801614                maxHumSetting
                0x00801616                DownLinkMessageBuffer
                0x00801618                maxTempSetting
                0x0080161a                maxCo2Setting
 COMMON         0x0080161c        0x4 c:/program files (x86)/atmel/studio/7.0/toolchain/avr8/avr8-gnu-toolchain/bin/../lib/gcc/avr/5.4.0/../../../../avr/lib/avr6\libc.a(malloc.o)
                0x0080161c                __brkval
                0x0080161e                __flp
 COMMON         0x00801620        0x6 c:/program files (x86)/atmel/studio/7.0/toolchain/avr8/avr8-gnu-toolchain/bin/../lib/gcc/avr/5.4.0/../../../../avr/lib/avr6\libc.a(iob.o)
                0x00801620                __iob
                0x00801626                PROVIDE (__bss_end, .)
                0x000093ee                __data_load_start = LOADADDR (.data)
                0x00009b40                __data_load_end = (__data_load_start + SIZEOF (.data))

.noinit         0x00801626        0x0
                [!provide]                PROVIDE (__noinit_start, .)
 *(.noinit*)
                [!provide]                PROVIDE (__noinit_end, .)
                0x00801626                _end = .
                0x00801626                PROVIDE (__heap_start, .)

.eeprom         0x00810000        0x0
 *(.eeprom*)
                0x00810000                __eeprom_end = .

.fuse
 *(.fuse)
 *(.lfuse)
 *(.hfuse)
 *(.efuse)

.lock
 *(.lock*)

.signature
 *(.signature*)

.user_signatures
 *(.user_signatures*)

.stab
 *(.stab)

.stabstr
 *(.stabstr)

.stab.excl
 *(.stab.excl)

.stab.exclstr
 *(.stab.exclstr)

.stab.index
 *(.stab.index)

.stab.indexstr
 *(.stab.indexstr)

.comment        0x00000000       0x5c
 *(.comment)
 .comment       0x00000000       0x30 upLinkHandler.o
                                 0x31 (size before relaxing)
 .comment       0x00000030       0x31 window_controller.o
 .comment       0x00000030       0x31 co2Sensor.o
 .comment       0x00000030       0x31 main.o
 .comment       0x00000030       0x31 SensorDataPackage.o
 .comment       0x00000030       0x31 Configuration.o
 .comment       0x00000030       0x31 DownLinkHandler.o
 .comment       0x00000030       0x31 FreeRTOS/src/event_groups.o
 .comment       0x00000030       0x31 FreeRTOS/src/heap_4.o
 .comment       0x00000030       0x31 FreeRTOS/src/list.o
 .comment       0x00000030       0x31 FreeRTOS/src/port.o
 .comment       0x00000030       0x31 FreeRTOS/src/queue.o
 .comment       0x00000030       0x31 FreeRTOS/src/stream_buffer.o
 .comment       0x00000030       0x31 FreeRTOS/src/tasks.o
 .comment       0x00000030       0x31 FreeRTOS/src/timers.o
 .comment       0x00000030       0x31 FreeRTOS/src/variantHooks.o
 .comment       0x00000030       0x31 ../drivers\libIotLibrary.a(lora_driver.o)
 .comment       0x00000030       0x31 ../drivers\libIotLibrary.a(lora_driver_utils.o)
 .comment       0x00000030       0x31 ../drivers\libIotLibrary.a(mh_z19.o)
 .comment       0x00000030       0x31 ../drivers\libIotLibrary.a(rc_servo.o)
 .comment       0x00000030       0x31 ../drivers\libIotLibrary.a(serial.o)
 .comment       0x00000030       0x31 ../drivers\libIotLibrary.a(stdio_driver.o)
 .comment       0x00000030       0x31 ../drivers\libIotLibrary.a(status_leds.o)
 .comment       0x00000030       0x31 ../drivers\libIotLibrary.a(fifo.o)
 .comment       0x00000030       0x31 c:/program files (x86)/atmel/studio/7.0/toolchain/avr8/avr8-gnu-toolchain/bin/../lib/gcc/avr/5.4.0/../../../../avr/lib/avr6\libc.a(malloc.o)
 .comment       0x00000030       0x31 c:/program files (x86)/atmel/studio/7.0/toolchain/avr8/avr8-gnu-toolchain/bin/../lib/gcc/avr/5.4.0/../../../../avr/lib/avr6\libc.a(iob.o)
 .comment       0x00000030       0x31 c:/program files (x86)/atmel/studio/7.0/toolchain/avr8/avr8-gnu-toolchain/bin/../lib/gcc/avr/5.4.0/../../../../avr/lib/avr6\libc.a(printf.o)
 .comment       0x00000030       0x31 c:/program files (x86)/atmel/studio/7.0/toolchain/avr8/avr8-gnu-toolchain/bin/../lib/gcc/avr/5.4.0/../../../../avr/lib/avr6\libc.a(puts.o)
 .comment       0x00000030       0x31 c:/program files (x86)/atmel/studio/7.0/toolchain/avr8/avr8-gnu-toolchain/bin/../lib/gcc/avr/5.4.0/../../../../avr/lib/avr6\libc.a(sprintf.o)
 .comment       0x00000030       0x2c c:/program files (x86)/atmel/studio/7.0/toolchain/avr8/avr8-gnu-toolchain/bin/../lib/gcc/avr/5.4.0/../../../../avr/lib/avr6\libc.a(vfprintf_std.o)
                                 0x2d (size before relaxing)
 .comment       0x0000005c       0x31 c:/program files (x86)/atmel/studio/7.0/toolchain/avr8/avr8-gnu-toolchain/bin/../lib/gcc/avr/5.4.0/../../../../avr/lib/avr6\libc.a(fputc.o)

.note.gnu.avr.deviceinfo
                0x00000000       0x40
 .note.gnu.avr.deviceinfo
                0x00000000       0x40 C:/Program Files (x86)/Atmel/Studio/7.0/Packs/atmel/ATmega_DFP/1.6.364/gcc/dev/atmega2560/avr6/crtatmega2560.o

.note.gnu.build-id
 *(.note.gnu.build-id)

.debug
 *(.debug)

.line
 *(.line)

.debug_srcinfo
 *(.debug_srcinfo)

.debug_sfnames
 *(.debug_sfnames)

.debug_aranges  0x00000000      0xaf0
 *(.debug_aranges)
 .debug_aranges
                0x00000000       0x30 upLinkHandler.o
 .debug_aranges
                0x00000030       0x28 window_controller.o
 .debug_aranges
                0x00000058       0x40 co2Sensor.o
 .debug_aranges
                0x00000098       0x68 main.o
 .debug_aranges
                0x00000100       0x48 SensorDataPackage.o
 .debug_aranges
                0x00000148       0x60 Configuration.o
 .debug_aranges
                0x000001a8       0x30 DownLinkHandler.o
 .debug_aranges
                0x000001d8       0x68 FreeRTOS/src/event_groups.o
 .debug_aranges
                0x00000240       0x58 FreeRTOS/src/heap_4.o
 .debug_aranges
                0x00000298       0x40 FreeRTOS/src/list.o
 .debug_aranges
                0x000002d8       0x58 FreeRTOS/src/port.o
 .debug_aranges
                0x00000330       0xf8 FreeRTOS/src/queue.o
 .debug_aranges
                0x00000428       0xc0 FreeRTOS/src/stream_buffer.o
 .debug_aranges
                0x000004e8      0x1d0 FreeRTOS/src/tasks.o
 .debug_aranges
                0x000006b8       0xc8 FreeRTOS/src/timers.o
 .debug_aranges
                0x00000780       0x40 FreeRTOS/src/variantHooks.o
 .debug_aranges
                0x000007c0      0x138 ../drivers\libIotLibrary.a(lora_driver.o)
 .debug_aranges
                0x000008f8       0x28 ../drivers\libIotLibrary.a(lora_driver_utils.o)
 .debug_aranges
                0x00000920       0x58 ../drivers\libIotLibrary.a(mh_z19.o)
 .debug_aranges
                0x00000978       0x28 ../drivers\libIotLibrary.a(rc_servo.o)
 .debug_aranges
                0x000009a0       0x90 ../drivers\libIotLibrary.a(serial.o)
 .debug_aranges
                0x00000a30       0x38 ../drivers\libIotLibrary.a(stdio_driver.o)
 .debug_aranges
                0x00000a68       0x68 ../drivers\libIotLibrary.a(status_leds.o)
 .debug_aranges
                0x00000ad0       0x20 ../drivers\libIotLibrary.a(fifo.o)

.debug_pubnames
 *(.debug_pubnames)

.debug_info     0x00000000     0xa841
 *(.debug_info .gnu.linkonce.wi.*)
 .debug_info    0x00000000      0xbbc C:/Program Files (x86)/Atmel/Studio/7.0/Packs/atmel/ATmega_DFP/1.6.364/gcc/dev/atmega2560/avr6/crtatmega2560.o
 .debug_info    0x00000bbc      0x383 upLinkHandler.o
 .debug_info    0x00000f3f      0x1f8 window_controller.o
 .debug_info    0x00001137      0x213 co2Sensor.o
 .debug_info    0x0000134a      0x4f3 main.o
 .debug_info    0x0000183d      0x1e6 SensorDataPackage.o
 .debug_info    0x00001a23      0x2ba Configuration.o
 .debug_info    0x00001cdd      0x2f2 DownLinkHandler.o
 .debug_info    0x00001fcf      0x671 FreeRTOS/src/event_groups.o
 .debug_info    0x00002640      0x428 FreeRTOS/src/heap_4.o
 .debug_info    0x00002a68      0x2cd FreeRTOS/src/list.o
 .debug_info    0x00002d35      0x298 FreeRTOS/src/port.o
 .debug_info    0x00002fcd      0xea5 FreeRTOS/src/queue.o
 .debug_info    0x00003e72      0xc19 FreeRTOS/src/stream_buffer.o
 .debug_info    0x00004a8b     0x19eb FreeRTOS/src/tasks.o
 .debug_info    0x00006476      0xa6a FreeRTOS/src/timers.o
 .debug_info    0x00006ee0      0x252 FreeRTOS/src/variantHooks.o
 .debug_info    0x00007132     0x1747 ../drivers\libIotLibrary.a(lora_driver.o)
 .debug_info    0x00008879      0x143 ../drivers\libIotLibrary.a(lora_driver_utils.o)
 .debug_info    0x000089bc      0x556 ../drivers\libIotLibrary.a(mh_z19.o)
 .debug_info    0x00008f12      0x10f ../drivers\libIotLibrary.a(rc_servo.o)
 .debug_info    0x00009021      0xd9b ../drivers\libIotLibrary.a(serial.o)
 .debug_info    0x00009dbc      0x3b6 ../drivers\libIotLibrary.a(stdio_driver.o)
 .debug_info    0x0000a172      0x50c ../drivers\libIotLibrary.a(status_leds.o)
 .debug_info    0x0000a67e      0x1c3 ../drivers\libIotLibrary.a(fifo.o)

.debug_abbrev   0x00000000     0x2eb2
 *(.debug_abbrev)
 .debug_abbrev  0x00000000      0xb1a C:/Program Files (x86)/Atmel/Studio/7.0/Packs/atmel/ATmega_DFP/1.6.364/gcc/dev/atmega2560/avr6/crtatmega2560.o
 .debug_abbrev  0x00000b1a      0x150 upLinkHandler.o
 .debug_abbrev  0x00000c6a       0xda window_controller.o
 .debug_abbrev  0x00000d44      0x101 co2Sensor.o
 .debug_abbrev  0x00000e45      0x14a main.o
 .debug_abbrev  0x00000f8f       0xe6 SensorDataPackage.o
 .debug_abbrev  0x00001075      0x128 Configuration.o
 .debug_abbrev  0x0000119d      0x123 DownLinkHandler.o
 .debug_abbrev  0x000012c0      0x140 FreeRTOS/src/event_groups.o
 .debug_abbrev  0x00001400      0x174 FreeRTOS/src/heap_4.o
 .debug_abbrev  0x00001574       0xc7 FreeRTOS/src/list.o
 .debug_abbrev  0x0000163b      0x184 FreeRTOS/src/port.o
 .debug_abbrev  0x000017bf      0x194 FreeRTOS/src/queue.o
 .debug_abbrev  0x00001953      0x1b4 FreeRTOS/src/stream_buffer.o
 .debug_abbrev  0x00001b07      0x235 FreeRTOS/src/tasks.o
 .debug_abbrev  0x00001d3c      0x1ce FreeRTOS/src/timers.o
 .debug_abbrev  0x00001f0a       0xf2 FreeRTOS/src/variantHooks.o
 .debug_abbrev  0x00001ffc      0x33b ../drivers\libIotLibrary.a(lora_driver.o)
 .debug_abbrev  0x00002337       0xc0 ../drivers\libIotLibrary.a(lora_driver_utils.o)
 .debug_abbrev  0x000023f7      0x238 ../drivers\libIotLibrary.a(mh_z19.o)
 .debug_abbrev  0x0000262f       0xbc ../drivers\libIotLibrary.a(rc_servo.o)
 .debug_abbrev  0x000026eb      0x355 ../drivers\libIotLibrary.a(serial.o)
 .debug_abbrev  0x00002a40      0x1b3 ../drivers\libIotLibrary.a(stdio_driver.o)
 .debug_abbrev  0x00002bf3      0x1d7 ../drivers\libIotLibrary.a(status_leds.o)
 .debug_abbrev  0x00002dca       0xe8 ../drivers\libIotLibrary.a(fifo.o)

.debug_line     0x00000000     0x726f
 *(.debug_line .debug_line.* .debug_line_end)
 .debug_line    0x00000000      0x1fa C:/Program Files (x86)/Atmel/Studio/7.0/Packs/atmel/ATmega_DFP/1.6.364/gcc/dev/atmega2560/avr6/crtatmega2560.o
 .debug_line    0x000001fa      0x342 upLinkHandler.o
 .debug_line    0x0000053c      0x1a0 window_controller.o
 .debug_line    0x000006dc      0x1a7 co2Sensor.o
 .debug_line    0x00000883      0x4cf main.o
 .debug_line    0x00000d52      0x175 SensorDataPackage.o
 .debug_line    0x00000ec7      0x1db Configuration.o
 .debug_line    0x000010a2      0x23d DownLinkHandler.o
 .debug_line    0x000012df      0x491 FreeRTOS/src/event_groups.o
 .debug_line    0x00001770      0x471 FreeRTOS/src/heap_4.o
 .debug_line    0x00001be1      0x1f1 FreeRTOS/src/list.o
 .debug_line    0x00001dd2      0x2fc FreeRTOS/src/port.o
 .debug_line    0x000020ce      0xce1 FreeRTOS/src/queue.o
 .debug_line    0x00002daf      0x866 FreeRTOS/src/stream_buffer.o
 .debug_line    0x00003615     0x17c1 FreeRTOS/src/tasks.o
 .debug_line    0x00004dd6      0x6c8 FreeRTOS/src/timers.o
 .debug_line    0x0000549e      0x26c FreeRTOS/src/variantHooks.o
 .debug_line    0x0000570a      0x9aa ../drivers\libIotLibrary.a(lora_driver.o)
 .debug_line    0x000060b4      0x195 ../drivers\libIotLibrary.a(lora_driver_utils.o)
 .debug_line    0x00006249      0x2fc ../drivers\libIotLibrary.a(mh_z19.o)
 .debug_line    0x00006545       0xfd ../drivers\libIotLibrary.a(rc_servo.o)
 .debug_line    0x00006642      0x6a0 ../drivers\libIotLibrary.a(serial.o)
 .debug_line    0x00006ce2      0x146 ../drivers\libIotLibrary.a(stdio_driver.o)
 .debug_line    0x00006e28      0x32c ../drivers\libIotLibrary.a(status_leds.o)
 .debug_line    0x00007154      0x11b ../drivers\libIotLibrary.a(fifo.o)

.debug_frame    0x00000000     0x2988
 *(.debug_frame)
 .debug_frame   0x00000000       0x8c upLinkHandler.o
 .debug_frame   0x0000008c       0x6c window_controller.o
 .debug_frame   0x000000f8       0xdc co2Sensor.o
 .debug_frame   0x000001d4      0x1a8 main.o
 .debug_frame   0x0000037c       0xd4 SensorDataPackage.o
 .debug_frame   0x00000450      0x134 Configuration.o
 .debug_frame   0x00000584       0x80 DownLinkHandler.o
 .debug_frame   0x00000604      0x19c FreeRTOS/src/event_groups.o
 .debug_frame   0x000007a0      0x114 FreeRTOS/src/heap_4.o
 .debug_frame   0x000008b4       0xb4 FreeRTOS/src/list.o
 .debug_frame   0x00000968       0xd4 FreeRTOS/src/port.o
 .debug_frame   0x00000a3c      0x3d4 FreeRTOS/src/queue.o
 .debug_frame   0x00000e10      0x3ac FreeRTOS/src/stream_buffer.o
 .debug_frame   0x000011bc      0x83c FreeRTOS/src/tasks.o
 .debug_frame   0x000019f8      0x3d8 FreeRTOS/src/timers.o
 .debug_frame   0x00001dd0       0xb4 FreeRTOS/src/variantHooks.o
 .debug_frame   0x00001e84      0x460 ../drivers\libIotLibrary.a(lora_driver.o)
 .debug_frame   0x000022e4       0x48 ../drivers\libIotLibrary.a(lora_driver_utils.o)
 .debug_frame   0x0000232c      0x100 ../drivers\libIotLibrary.a(mh_z19.o)
 .debug_frame   0x0000242c       0x34 ../drivers\libIotLibrary.a(rc_servo.o)
 .debug_frame   0x00002460      0x384 ../drivers\libIotLibrary.a(serial.o)
 .debug_frame   0x000027e4       0x94 ../drivers\libIotLibrary.a(stdio_driver.o)
 .debug_frame   0x00002878       0xec ../drivers\libIotLibrary.a(status_leds.o)
 .debug_frame   0x00002964       0x24 ../drivers\libIotLibrary.a(fifo.o)

.debug_str      0x00000000     0x3ed3
 *(.debug_str)
 .debug_str     0x00000000      0x3e6 C:/Program Files (x86)/Atmel/Studio/7.0/Packs/atmel/ATmega_DFP/1.6.364/gcc/dev/atmega2560/avr6/crtatmega2560.o
 .debug_str     0x000003e6      0x4ae upLinkHandler.o
                                0x4ff (size before relaxing)
 .debug_str     0x00000894      0x138 window_controller.o
                                0x303 (size before relaxing)
 .debug_str     0x000009cc       0x83 co2Sensor.o
                                0x2c8 (size before relaxing)
 .debug_str     0x00000a4f      0x174 main.o
                                0x48c (size before relaxing)
 .debug_str     0x00000bc3       0xe9 SensorDataPackage.o
                                0x28b (size before relaxing)
 .debug_str     0x00000cac      0x106 Configuration.o
                                0x2db (size before relaxing)
 .debug_str     0x00000db2       0x51 DownLinkHandler.o
                                0x47a (size before relaxing)
 .debug_str     0x00000e03      0x302 FreeRTOS/src/event_groups.o
                                0x4d7 (size before relaxing)
 .debug_str     0x00001105      0x2de FreeRTOS/src/heap_4.o
                                0x45a (size before relaxing)
 .debug_str     0x000013e3       0x99 FreeRTOS/src/list.o
                                0x2b5 (size before relaxing)
 .debug_str     0x0000147c      0x12c FreeRTOS/src/port.o
                                0x2c4 (size before relaxing)
 .debug_str     0x000015a8      0x517 FreeRTOS/src/queue.o
                                0x7b6 (size before relaxing)
 .debug_str     0x00001abf      0x450 FreeRTOS/src/stream_buffer.o
                                0x6d0 (size before relaxing)
 .debug_str     0x00001f0f      0xabe FreeRTOS/src/tasks.o
                                0xe65 (size before relaxing)
 .debug_str     0x000029cd      0x42a FreeRTOS/src/timers.o
                                0x701 (size before relaxing)
 .debug_str     0x00002df7       0x97 FreeRTOS/src/variantHooks.o
                                0x259 (size before relaxing)
 .debug_str     0x00002e8e      0x907 ../drivers\libIotLibrary.a(lora_driver.o)
                                0xcdb (size before relaxing)
 .debug_str     0x00003795       0x4f ../drivers\libIotLibrary.a(lora_driver_utils.o)
                                0x206 (size before relaxing)
 .debug_str     0x000037e4      0x139 ../drivers\libIotLibrary.a(mh_z19.o)
                                0x489 (size before relaxing)
 .debug_str     0x0000391d       0x65 ../drivers\libIotLibrary.a(rc_servo.o)
                                0x1e2 (size before relaxing)
 .debug_str     0x00003982      0x2e7 ../drivers\libIotLibrary.a(serial.o)
                                0x628 (size before relaxing)
 .debug_str     0x00003c69       0xb7 ../drivers\libIotLibrary.a(stdio_driver.o)
                                0x37d (size before relaxing)
 .debug_str     0x00003d20      0x191 ../drivers\libIotLibrary.a(status_leds.o)
                                0x36d (size before relaxing)
 .debug_str     0x00003eb1       0x22 ../drivers\libIotLibrary.a(fifo.o)
                                0x239 (size before relaxing)

.debug_loc      0x00000000     0x6ed5
 *(.debug_loc)
 .debug_loc     0x00000000      0x10b upLinkHandler.o
 .debug_loc     0x0000010b       0xc4 window_controller.o
 .debug_loc     0x000001cf      0x1b6 co2Sensor.o
 .debug_loc     0x00000385      0x352 main.o
 .debug_loc     0x000006d7      0x1b0 SensorDataPackage.o
 .debug_loc     0x00000887      0x288 Configuration.o
 .debug_loc     0x00000b0f       0xf2 DownLinkHandler.o
 .debug_loc     0x00000c01      0x373 FreeRTOS/src/event_groups.o
 .debug_loc     0x00000f74      0x216 FreeRTOS/src/heap_4.o
 .debug_loc     0x0000118a      0x167 FreeRTOS/src/list.o
 .debug_loc     0x000012f1       0xf8 FreeRTOS/src/port.o
 .debug_loc     0x000013e9      0x855 FreeRTOS/src/queue.o
 .debug_loc     0x00001c3e      0x821 FreeRTOS/src/stream_buffer.o
 .debug_loc     0x0000245f     0x1253 FreeRTOS/src/tasks.o
 .debug_loc     0x000036b2      0x889 FreeRTOS/src/timers.o
 .debug_loc     0x00003f3b      0x13f FreeRTOS/src/variantHooks.o
 .debug_loc     0x0000407a     0x1216 ../drivers\libIotLibrary.a(lora_driver.o)
 .debug_loc     0x00005290      0x1d2 ../drivers\libIotLibrary.a(lora_driver_utils.o)
 .debug_loc     0x00005462      0x37c ../drivers\libIotLibrary.a(mh_z19.o)
 .debug_loc     0x000057de       0x2f ../drivers\libIotLibrary.a(rc_servo.o)
 .debug_loc     0x0000580d     0x114c ../drivers\libIotLibrary.a(serial.o)
 .debug_loc     0x00006959      0x18c ../drivers\libIotLibrary.a(stdio_driver.o)
 .debug_loc     0x00006ae5      0x292 ../drivers\libIotLibrary.a(status_leds.o)
 .debug_loc     0x00006d77      0x15e ../drivers\libIotLibrary.a(fifo.o)

.debug_macinfo
 *(.debug_macinfo)

.debug_weaknames
 *(.debug_weaknames)

.debug_funcnames
 *(.debug_funcnames)

.debug_typenames
 *(.debug_typenames)

.debug_varnames
 *(.debug_varnames)

.debug_pubtypes
 *(.debug_pubtypes)

.debug_ranges   0x00000000      0x9a0
 *(.debug_ranges)
 .debug_ranges  0x00000000       0x20 upLinkHandler.o
 .debug_ranges  0x00000020       0x18 window_controller.o
 .debug_ranges  0x00000038       0x30 co2Sensor.o
 .debug_ranges  0x00000068       0x58 main.o
 .debug_ranges  0x000000c0       0x38 SensorDataPackage.o
 .debug_ranges  0x000000f8       0x50 Configuration.o
 .debug_ranges  0x00000148       0x20 DownLinkHandler.o
 .debug_ranges  0x00000168       0x58 FreeRTOS/src/event_groups.o
 .debug_ranges  0x000001c0       0x48 FreeRTOS/src/heap_4.o
 .debug_ranges  0x00000208       0x30 FreeRTOS/src/list.o
 .debug_ranges  0x00000238       0x48 FreeRTOS/src/port.o
 .debug_ranges  0x00000280       0xe8 FreeRTOS/src/queue.o
 .debug_ranges  0x00000368       0xb0 FreeRTOS/src/stream_buffer.o
 .debug_ranges  0x00000418      0x1c0 FreeRTOS/src/tasks.o
 .debug_ranges  0x000005d8       0xb8 FreeRTOS/src/timers.o
 .debug_ranges  0x00000690       0x30 FreeRTOS/src/variantHooks.o
 .debug_ranges  0x000006c0      0x128 ../drivers\libIotLibrary.a(lora_driver.o)
 .debug_ranges  0x000007e8       0x30 ../drivers\libIotLibrary.a(lora_driver_utils.o)
 .debug_ranges  0x00000818       0x48 ../drivers\libIotLibrary.a(mh_z19.o)
 .debug_ranges  0x00000860       0x18 ../drivers\libIotLibrary.a(rc_servo.o)
 .debug_ranges  0x00000878       0x98 ../drivers\libIotLibrary.a(serial.o)
 .debug_ranges  0x00000910       0x28 ../drivers\libIotLibrary.a(stdio_driver.o)
 .debug_ranges  0x00000938       0x58 ../drivers\libIotLibrary.a(status_leds.o)
 .debug_ranges  0x00000990       0x10 ../drivers\libIotLibrary.a(fifo.o)

.debug_macro
 *(.debug_macro)
OUTPUT(SEP4IOT.elf elf32-avr)
LOAD linker stubs
