Archive member included to satisfy reference by file (symbol)

d:/soft/atmel/7.0/toolchain/avr8/avr8-gnu-toolchain/bin/../lib/gcc/avr/5.4.0/../../../../avr/lib/avr6\libm.a(cmpsf2.o)
                              FreeRTOS/src/variantHooks.o (__ltsf2)
d:/soft/atmel/7.0/toolchain/avr8/avr8-gnu-toolchain/bin/../lib/gcc/avr/5.4.0/../../../../avr/lib/avr6\libm.a(fixunssfsi.o)
                              FreeRTOS/src/variantHooks.o (__fixunssfsi)
d:/soft/atmel/7.0/toolchain/avr8/avr8-gnu-toolchain/bin/../lib/gcc/avr/5.4.0/../../../../avr/lib/avr6\libm.a(fp_cmp.o)
                              d:/soft/atmel/7.0/toolchain/avr8/avr8-gnu-toolchain/bin/../lib/gcc/avr/5.4.0/../../../../avr/lib/avr6\libm.a(cmpsf2.o) (__fp_cmp)
d:/soft/atmel/7.0/toolchain/avr8/avr8-gnu-toolchain/bin/../lib/gcc/avr/5.4.0/../../../../avr/lib/avr6\libm.a(fp_split3.o)
                              d:/soft/atmel/7.0/toolchain/avr8/avr8-gnu-toolchain/bin/../lib/gcc/avr/5.4.0/../../../../avr/lib/avr6\libm.a(fixunssfsi.o) (__fp_splitA)
d:/soft/atmel/7.0/toolchain/avr8/avr8-gnu-toolchain/bin/../lib/gcc/avr/5.4.0/../../../../avr/lib/avr6\libm.a(fp_zero.o)
                              d:/soft/atmel/7.0/toolchain/avr8/avr8-gnu-toolchain/bin/../lib/gcc/avr/5.4.0/../../../../avr/lib/avr6\libm.a(fixunssfsi.o) (__fp_zero)
d:/soft/atmel/7.0/toolchain/avr8/avr8-gnu-toolchain/bin/../lib/gcc/avr/5.4.0/../../../../avr/lib/avr6\libm.a(gesf2.o)
                              FreeRTOS/src/variantHooks.o (__gtsf2)
d:/soft/atmel/7.0/toolchain/avr8/avr8-gnu-toolchain/bin/../lib/gcc/avr/5.4.0/../../../../avr/lib/avr6\libm.a(mulsf3.o)
                              FreeRTOS/src/variantHooks.o (__mulsf3)
d:/soft/atmel/7.0/toolchain/avr8/avr8-gnu-toolchain/bin/../lib/gcc/avr/5.4.0/../../../../avr/lib/avr6\libm.a(mulsf3x.o)
                              d:/soft/atmel/7.0/toolchain/avr8/avr8-gnu-toolchain/bin/../lib/gcc/avr/5.4.0/../../../../avr/lib/avr6\libm.a(mulsf3.o) (__mulsf3x)
d:/soft/atmel/7.0/toolchain/avr8/avr8-gnu-toolchain/bin/../lib/gcc/avr/5.4.0/../../../../avr/lib/avr6\libm.a(fp_inf.o)
                              d:/soft/atmel/7.0/toolchain/avr8/avr8-gnu-toolchain/bin/../lib/gcc/avr/5.4.0/../../../../avr/lib/avr6\libm.a(mulsf3x.o) (__fp_inf)
d:/soft/atmel/7.0/toolchain/avr8/avr8-gnu-toolchain/bin/../lib/gcc/avr/5.4.0/../../../../avr/lib/avr6\libm.a(fp_nan.o)
                              d:/soft/atmel/7.0/toolchain/avr8/avr8-gnu-toolchain/bin/../lib/gcc/avr/5.4.0/../../../../avr/lib/avr6\libm.a(mulsf3x.o) (__fp_nan)
d:/soft/atmel/7.0/toolchain/avr8/avr8-gnu-toolchain/bin/../lib/gcc/avr/5.4.0/../../../../avr/lib/avr6\libm.a(fp_pscA.o)
                              d:/soft/atmel/7.0/toolchain/avr8/avr8-gnu-toolchain/bin/../lib/gcc/avr/5.4.0/../../../../avr/lib/avr6\libm.a(mulsf3x.o) (__fp_pscA)
d:/soft/atmel/7.0/toolchain/avr8/avr8-gnu-toolchain/bin/../lib/gcc/avr/5.4.0/../../../../avr/lib/avr6\libm.a(fp_pscB.o)
                              d:/soft/atmel/7.0/toolchain/avr8/avr8-gnu-toolchain/bin/../lib/gcc/avr/5.4.0/../../../../avr/lib/avr6\libm.a(mulsf3x.o) (__fp_pscB)
d:/soft/atmel/7.0/toolchain/avr8/avr8-gnu-toolchain/bin/../lib/gcc/avr/5.4.0/../../../../avr/lib/avr6\libm.a(fp_round.o)
                              d:/soft/atmel/7.0/toolchain/avr8/avr8-gnu-toolchain/bin/../lib/gcc/avr/5.4.0/../../../../avr/lib/avr6\libm.a(mulsf3.o) (__fp_round)
../drivers\libIotLibrary.a(lora_driver.o)
                              LoRaWANHandler.o (lora_driver_flushBuffers)
../drivers\libIotLibrary.a(lora_driver_utils.o)
                              ../drivers\libIotLibrary.a(lora_driver.o) (decode_port_no)
../drivers\libIotLibrary.a(serial.o)
                              ../drivers\libIotLibrary.a(lora_driver.o) (serial_create)
../drivers\libIotLibrary.a(stdio_driver.o)
                              main.o (stdio_initialise)
../drivers\libIotLibrary.a(status_leds.o)
                              main.o (status_leds_initialise)
../drivers\libIotLibrary.a(fifo.o)
                              ../drivers\libIotLibrary.a(serial.o) (fifo_init)
d:/soft/atmel/7.0/toolchain/avr8/avr8-gnu-toolchain/bin/../lib/gcc/avr/5.4.0/../../../../avr/lib/avr6\libm.a(addsf3.o)
                              ../drivers\libIotLibrary.a(serial.o) (__subsf3)
d:/soft/atmel/7.0/toolchain/avr8/avr8-gnu-toolchain/bin/../lib/gcc/avr/5.4.0/../../../../avr/lib/avr6\libm.a(addsf3x.o)
                              d:/soft/atmel/7.0/toolchain/avr8/avr8-gnu-toolchain/bin/../lib/gcc/avr/5.4.0/../../../../avr/lib/avr6\libm.a(addsf3.o) (__addsf3x)
d:/soft/atmel/7.0/toolchain/avr8/avr8-gnu-toolchain/bin/../lib/gcc/avr/5.4.0/../../../../avr/lib/avr6\libm.a(divsf3.o)
                              ../drivers\libIotLibrary.a(serial.o) (__divsf3)
d:/soft/atmel/7.0/toolchain/avr8/avr8-gnu-toolchain/bin/../lib/gcc/avr/5.4.0/../../../../avr/lib/avr6\libm.a(divsf3x.o)
[...]
Memory Configuration

Name             Origin             Length             Attributes
text             0x00000000         0x00040000         xr
data             0x00800200         0x00002000         rw !x
eeprom           0x00810000         0x00001000         rw !x
fuse             0x00820000         0x00000003         rw !x
lock             0x00830000         0x00000400         rw !x
signature        0x00840000         0x00000400         rw !x
user_signatures  0x00850000         0x00000400         rw !x
*default*        0x00000000         0xffffffff

Linker script and memory map

Address of section .data set to 0x800200
LOAD D:/Soft/Atmel/7.0/Packs/atmel/ATmega_DFP/1.6.364/gcc/dev/atmega2560/avr6/crtatmega2560.o
LOAD FreeRTOS/FreeRTOSTraceDriver/FreeRTOSTraceDriver.o
LOAD FreeRTOS/src/croutine.o
LOAD FreeRTOS/src/event_groups.o
LOAD FreeRTOS/src/heap_4.o
LOAD FreeRTOS/src/list.o
LOAD FreeRTOS/src/port.o
LOAD FreeRTOS/src/queue.o
LOAD FreeRTOS/src/stream_buffer.o
LOAD FreeRTOS/src/tasks.o
LOAD FreeRTOS/src/timers.o
LOAD FreeRTOS/src/variantHooks.o
LOAD LoRaWANHandler.o
LOAD main.o
START GROUP
LOAD d:/soft/atmel/7.0/toolchain/avr8/avr8-gnu-toolchain/bin/../lib/gcc/avr/5.4.0/../../../../avr/lib/avr6\libm.a
LOAD ../drivers\libIotLibrary.a
END GROUP
START GROUP
LOAD d:/soft/atmel/7.0/toolchain/avr8/avr8-gnu-toolchain/bin/../lib/gcc/avr/5.4.0/avr6\libgcc.a
LOAD d:/soft/atmel/7.0/toolchain/avr8/avr8-gnu-toolchain/bin/../lib/gcc/avr/5.4.0/../../../../avr/lib/avr6\libm.a
LOAD d:/soft/atmel/7.0/toolchain/avr8/avr8-gnu-toolchain/bin/../lib/gcc/avr/5.4.0/../../../../avr/lib/avr6\libc.a
LOAD D:/Soft/Atmel/7.0/Packs/atmel/ATmega_DFP/1.6.364/gcc/dev/atmega2560/avr6\libatmega2560.a
END GROUP
                0x00000000                __TEXT_REGION_ORIGIN__ = DEFINED (__TEXT_REGION_ORIGIN__)?__TEXT_REGION_ORIGIN__:0x0
                [0x00800200]                __DATA_REGION_ORIGIN__ = DEFINED (__DATA_REGION_ORIGIN__)?__DATA_REGION_ORIGIN__:0x800200
                [0x00040000]                __TEXT_REGION_LENGTH__ = DEFINED (__TEXT_REGION_LENGTH__)?__TEXT_REGION_LENGTH__:0x100000
                [0x00002000]                __DATA_REGION_LENGTH__ = DEFINED (__DATA_REGION_LENGTH__)?__DATA_REGION_LENGTH__:0xfe00
                [0x00001000]                __EEPROM_REGION_LENGTH__ = DEFINED (__EEPROM_REGION_LENGTH__)?__EEPROM_REGION_LENGTH__:0x10000
                [0x00000003]                __FUSE_REGION_LENGTH__ = DEFINED (__FUSE_REGION_LENGTH__)?__FUSE_REGION_LENGTH__:0x400
                0x00000400                __LOCK_REGION_LENGTH__ = DEFINED (__LOCK_REGION_LENGTH__)?__LOCK_REGION_LENGTH__:0x400
                0x00000400                __SIGNATURE_REGION_LENGTH__ = DEFINED (__SIGNATURE_REGION_LENGTH__)?__SIGNATURE_REGION_LENGTH__:0x400
                0x00000400                __USER_SIGNATURE_REGION_LENGTH__ = DEFINED (__USER_SIGNATURE_REGION_LENGTH__)?__USER_SIGNATURE_REGION_LENGTH__:0x400

.hash
 *(.hash)

.dynsym
 *(.dynsym)

.dynstr
 *(.dynstr)

.gnu.version
 *(.gnu.version)

.gnu.version_d
 *(.gnu.version_d)

.gnu.version_r
 *(.gnu.version_r)

.rel.init
 *(.rel.init)

.rela.init
 *(.rela.init)

.rel.text
 *(.rel.text)
 *(.rel.text.*)
 *(.rel.gnu.linkonce.t*)

.rela.text
 *(.rela.text)
 *(.rela.text.*)
 *(.rela.gnu.linkonce.t*)

.rel.fini
 *(.rel.fini)

.rela.fini
 *(.rela.fini)

.rel.rodata
 *(.rel.rodata)
 *(.rel.rodata.*)
 *(.rel.gnu.linkonce.r*)

.rela.rodata
 *(.rela.rodata)
 *(.rela.rodata.*)
 *(.rela.gnu.linkonce.r*)

.rel.data
 *(.rel.data)
 *(.rel.data.*)
 *(.rel.gnu.linkonce.d*)

.rela.data
 *(.rela.data)
 *(.rela.data.*)
 *(.rela.gnu.linkonce.d*)

.rel.ctors
 *(.rel.ctors)

.rela.ctors
 *(.rela.ctors)

.rel.dtors
 *(.rel.dtors)

.rela.dtors
 *(.rela.dtors)

.rel.got
 *(.rel.got)

.rela.got
 *(.rela.got)

.rel.bss
 *(.rel.bss)

.rela.bss
 *(.rela.bss)

.rel.plt
 *(.rel.plt)

.rela.plt
 *(.rela.plt)

.text           0x00000000     0x7b46
 *(.vectors)
 .vectors       0x00000000       0xe4 D:/Soft/Atmel/7.0/Packs/atmel/ATmega_DFP/1.6.364/gcc/dev/atmega2560/avr6/crtatmega2560.o
                0x00000000                __vector_default
                0x00000000                __vectors
 *(.vectors)
 *(.progmem.gcc*)
 .progmem.gcc_sw_table.prvProcessReceivedCommands
                0x000000e4       0x14 FreeRTOS/src/timers.o
                0x000000f8                . = ALIGN (0x2)
                0x000000f8                __trampolines_start = .
 *(.trampolines)
 .trampolines   0x000000f8        0x0 linker stubs
 *(.trampolines*)
                0x000000f8                __trampolines_end = .
 *libprintf_flt.a:*(.progmem.data)
 *libc.a:*(.progmem.data)
 *(.progmem*)
                0x000000f8                . = ALIGN (0x2)
 *(.jumptables)
 *(.jumptables*)
 *(.lowtext)
 .lowtext       0x000000f8       0x24 FreeRTOS/src/tasks.o
 .lowtext       0x0000011c       0x46 FreeRTOS/src/timers.o
 *(.lowtext*)
                0x00000162                __ctors_start = .
 *(.ctors)
                0x00000162                __ctors_end = .
                0x00000162                __dtors_start = .
 *(.dtors)
                0x00000162                __dtors_end = .
 SORT(*)(.ctors)
 SORT(*)(.dtors)
 *(.init0)
 .init0         0x00000162        0x0 D:/Soft/Atmel/7.0/Packs/atmel/ATmega_DFP/1.6.364/gcc/dev/atmega2560/avr6/crtatmega2560.o
                0x00000162                __init
 *(.init0)
 *(.init1)
 *(.init1)
 *(.init2)
 .init2         0x00000162       0x10 D:/Soft/Atmel/7.0/Packs/atmel/ATmega_DFP/1.6.364/gcc/dev/atmega2560/avr6/crtatmega2560.o
 *(.init2)
 *(.init3)
 *(.init3)
 *(.init4)
 .init4         0x00000172       0x1a d:/soft/atmel/7.0/toolchain/avr8/avr8-gnu-toolchain/bin/../lib/gcc/avr/5.4.0/avr6\libgcc.a(_copy_data.o)
                0x00000172                __do_copy_data
 .init4         0x0000018c       0x10 d:/soft/atmel/7.0/toolchain/avr8/avr8-gnu-toolchain/bin/../lib/gcc/avr/5.4.0/avr6\libgcc.a(_clear_bss.o)
                0x0000018c                __do_clear_bss
 *(.init4)
 *(.init5)
 *(.init5)
 *(.init6)
 *(.init6)
 *(.init7)
 *(.init7)
 *(.init8)
 *(.init8)
 *(.init9)
 .init9         0x0000019c        0x8 D:/Soft/Atmel/7.0/Packs/atmel/ATmega_DFP/1.6.364/gcc/dev/atmega2560/avr6/crtatmega2560.o
 *(.init9)
 *(.text)
 .text          0x000001a4        0x2 D:/Soft/Atmel/7.0/Packs/atmel/ATmega_DFP/1.6.364/gcc/dev/atmega2560/avr6/crtatmega2560.o
                0x000001a4                __vector_38
                0x000001a4                __vector_22
                0x000001a4                __vector_28
                0x000001a4                __vector_1
                0x000001a4                __vector_32
                0x000001a4                __vector_34
                0x000001a4                __vector_24
                0x000001a4                __vector_46
                0x000001a4                __bad_interrupt
                0x000001a4                __vector_6
                0x000001a4                __vector_31
                0x000001a4                __vector_35
                0x000001a4                __vector_39
                0x000001a4                __vector_3
                0x000001a4                __vector_23
                0x000001a4                __vector_30
                0x000001a4                __vector_45
                0x000001a4                __vector_11
                0x000001a4                __vector_13
                0x000001a4                __vector_17
                0x000001a4                __vector_19
                0x000001a4                __vector_56
                0x000001a4                __vector_7
                0x000001a4                __vector_49
                0x000001a4                __vector_41
                0x000001a4                __vector_43
                0x000001a4                __vector_27
                0x000001a4                __vector_5
                0x000001a4                __vector_33
                0x000001a4                __vector_47
                0x000001a4                __vector_4
                0x000001a4                __vector_44
                0x000001a4                __vector_9
                0x000001a4                __vector_2
                0x000001a4                __vector_21
                0x000001a4                __vector_15
                0x000001a4                __vector_29
                0x000001a4                __vector_40
                0x000001a4                __vector_8
                0x000001a4                __vector_48
                0x000001a4                __vector_14
                0x000001a4                __vector_53
                0x000001a4                __vector_10
                0x000001a4                __vector_50
                0x000001a4                __vector_16
                0x000001a4                __vector_18
                0x000001a4                __vector_20
                0x000001a4                __vector_42
                0x000001a6                . = ALIGN (0x2)
 *(.text.*)
 .text.pvPortMalloc
                0x000001a6      0x22c FreeRTOS/src/heap_4.o
                0x000001a6                pvPortMalloc
 .text.vPortFree
                0x000003d2       0xde FreeRTOS/src/heap_4.o
                0x000003d2                vPortFree
 .text.prvHeapInit
                0x000004b0      0x100 FreeRTOS/src/heap_4.o
 .text.prvInsertBlockIntoFreeList
                0x000005b0      0x168 FreeRTOS/src/heap_4.o
 .text.vListInitialise
                0x00000718       0x74 FreeRTOS/src/list.o
                0x00000718                vListInitialise
 .text.vListInitialiseItem
                0x0000078c       0x26 FreeRTOS/src/list.o
                0x0000078c                vListInitialiseItem
 .text.vListInsert
                0x000007b2      0x10e FreeRTOS/src/list.o
                0x000007b2                vListInsert
 .text.uxListRemove
                0x000008c0       0xae FreeRTOS/src/list.o
                0x000008c0                uxListRemove
 .text.pxPortInitialiseStack
                0x0000096e      0x11c FreeRTOS/src/port.o
                0x0000096e                pxPortInitialiseStack
 .text.xPortStartScheduler
                0x00000a8a       0x70 FreeRTOS/src/port.o
                0x00000a8a                xPortStartScheduler
 .text.vPortYield
                0x00000afa       0xc4 FreeRTOS/src/port.o
                0x00000afa                vPortYield
 .text.vPortYieldFromTick
                0x00000bbe       0xd4 FreeRTOS/src/port.o
                0x00000bbe                vPortYieldFromTick
 .text.prvSetupTimerInterrupt
                0x00000c92       0x3e FreeRTOS/src/port.o
 .text.__vector_12
                0x00000cd0        0x6 FreeRTOS/src/port.o
                0x00000cd0                __vector_12
 .text.xQueueGenericReset
                0x00000cd6      0x120 FreeRTOS/src/queue.o
                0x00000cd6                xQueueGenericReset
 .text.xQueueGenericCreate
                0x00000df6       0x90 FreeRTOS/src/queue.o
                0x00000df6                xQueueGenericCreate
 .text.prvInitialiseNewQueue
                0x00000e86       0x7e FreeRTOS/src/queue.o
 .text.prvInitialiseMutex
                0x00000f04       0x56 FreeRTOS/src/queue.o
 .text.xQueueCreateMutex
                0x00000f5a       0x3c FreeRTOS/src/queue.o
                0x00000f5a                xQueueCreateMutex
 .text.xQueueGenericSend
                0x00000f96      0x16c FreeRTOS/src/queue.o
                0x00000f96                xQueueGenericSend
 .text.xQueueGenericSendFromISR
                0x00001102       0xc6 FreeRTOS/src/queue.o
                0x00001102                xQueueGenericSendFromISR
 .text.xQueueReceive
                0x000011c8      0x168 FreeRTOS/src/queue.o
                0x000011c8                xQueueReceive
 .text.prvCopyDataToQueue
                0x00001330      0x1a0 FreeRTOS/src/queue.o
 .text.prvCopyDataFromQueue
                0x000014d0       0xa2 FreeRTOS/src/queue.o
 .text.prvUnlockQueue
                0x00001572       0xbc FreeRTOS/src/queue.o
 .text.prvIsQueueEmpty
                0x0000162e       0x3a FreeRTOS/src/queue.o
 .text.prvIsQueueFull
                0x00001668       0x42 FreeRTOS/src/queue.o
 .text.vQueueWaitForMessageRestricted
                0x000016aa       0x9e FreeRTOS/src/queue.o
                0x000016aa                vQueueWaitForMessageRestricted
 .text.xStreamBufferGenericCreate
                0x00001748       0xaa FreeRTOS/src/stream_buffer.o
                0x00001748                xStreamBufferGenericCreate
 .text.xStreamBufferReset
                0x000017f2       0x9c FreeRTOS/src/stream_buffer.o
                0x000017f2                xStreamBufferReset
 .text.xStreamBufferSpacesAvailable
                0x0000188e       0x9c FreeRTOS/src/stream_buffer.o
                0x0000188e                xStreamBufferSpacesAvailable
 .text.xStreamBufferSend
                0x0000192a      0x1f4 FreeRTOS/src/stream_buffer.o
                0x0000192a                xStreamBufferSend
 .text.xStreamBufferSendFromISR
                0x00001b1e      0x102 FreeRTOS/src/stream_buffer.o
                0x00001b1e                xStreamBufferSendFromISR
 .text.prvWriteMessageToBuffer
                0x00001c20       0xd8 FreeRTOS/src/stream_buffer.o
 .text.xStreamBufferReceive
                0x00001cf8      0x194 FreeRTOS/src/stream_buffer.o
                0x00001cf8                xStreamBufferReceive
 .text.prvReadMessageFromBuffer
                0x00001e8c       0xcc FreeRTOS/src/stream_buffer.o
 .text.prvWriteBytesToBuffer
                0x00001f58      0x11e FreeRTOS/src/stream_buffer.o
 .text.prvReadBytesFromBuffer
                0x00002076      0x14e FreeRTOS/src/stream_buffer.o
 .text.prvBytesInBuffer
                0x000021c4       0x86 FreeRTOS/src/stream_buffer.o
 .text.prvInitialiseNewStreamBuffer
                0x0000224a       0x82 FreeRTOS/src/stream_buffer.o
 .text.xTaskCreate
                0x000022cc       0xdc FreeRTOS/src/tasks.o
                0x000022cc                xTaskCreate
 .text.prvInitialiseNewTask
                0x000023a8      0x1de FreeRTOS/src/tasks.o
 .text.prvAddNewTaskToReadyList
                0x00002586      0x1a6 FreeRTOS/src/tasks.o
 .text.xTaskDelayUntil
                0x0000272c      0x178 FreeRTOS/src/tasks.o
                0x0000272c                xTaskDelayUntil
 .text.vTaskDelay
                0x000028a4       0x5c FreeRTOS/src/tasks.o
                0x000028a4                vTaskDelay
 .text.vTaskStartScheduler
                0x00002900       0x8a FreeRTOS/src/tasks.o
                0x00002900                vTaskStartScheduler
 .text.vTaskSuspendAll
                0x0000298a       0x1a FreeRTOS/src/tasks.o
                0x0000298a                vTaskSuspendAll
 .text.xTaskResumeAll
                0x000029a4      0x31c FreeRTOS/src/tasks.o
                0x000029a4                xTaskResumeAll
 .text.xTaskGetTickCount
                0x00002cc0       0x48 FreeRTOS/src/tasks.o
                0x00002cc0                xTaskGetTickCount
 .text.xTaskIncrementTick
                0x00002d08      0x3f2 FreeRTOS/src/tasks.o
                0x00002d08                xTaskIncrementTick
 .text.vTaskSwitchContext
                0x000030fa      0x118 FreeRTOS/src/tasks.o
                0x000030fa                vTaskSwitchContext
 .text.vTaskPlaceOnEventList
                0x00003212       0x56 FreeRTOS/src/tasks.o
                0x00003212                vTaskPlaceOnEventList
 .text.vTaskPlaceOnEventListRestricted
                0x00003268       0xee FreeRTOS/src/tasks.o
                0x00003268                vTaskPlaceOnEventListRestricted
 .text.xTaskRemoveFromEventList
                0x00003356      0x2ea FreeRTOS/src/tasks.o
                0x00003356                xTaskRemoveFromEventList
 .text.vTaskSetTimeOutState
                0x00003640       0x50 FreeRTOS/src/tasks.o
                0x00003640                vTaskSetTimeOutState
 .text.vTaskInternalSetTimeOutState
                0x00003690       0x46 FreeRTOS/src/tasks.o
                0x00003690                vTaskInternalSetTimeOutState
 .text.xTaskCheckForTimeOut
                0x000036d6      0x160 FreeRTOS/src/tasks.o
                0x000036d6                xTaskCheckForTimeOut
 .text.vTaskMissedYield
                0x00003836       0x16 FreeRTOS/src/tasks.o
                0x00003836                vTaskMissedYield
 .text.prvInitialiseTaskLists
                0x0000384c       0x7e FreeRTOS/src/tasks.o
 .text.prvCheckTasksWaitingTermination
                0x000038ca       0x62 FreeRTOS/src/tasks.o
 .text.prvDeleteTCB
                0x0000392c       0x32 FreeRTOS/src/tasks.o
 .text.prvResetNextTaskUnblockTime
                0x0000395e       0x60 FreeRTOS/src/tasks.o
 .text.xTaskGetCurrentTaskHandle
                0x000039be       0x26 FreeRTOS/src/tasks.o
                0x000039be                xTaskGetCurrentTaskHandle
 .text.xTaskGetSchedulerState
                0x000039e4       0x32 FreeRTOS/src/tasks.o
                0x000039e4                xTaskGetSchedulerState
 .text.xTaskPriorityDisinherit
                0x00003a16      0x1ce FreeRTOS/src/tasks.o
                0x00003a16                xTaskPriorityDisinherit
 .text.xTaskGenericNotifyWait
                0x00003be4      0x20e FreeRTOS/src/tasks.o
                0x00003be4                xTaskGenericNotifyWait
 .text.xTaskGenericNotify
                0x00003df2      0x3a2 FreeRTOS/src/tasks.o
                0x00003df2                xTaskGenericNotify
 .text.xTaskGenericNotifyFromISR
                0x00004194      0x438 FreeRTOS/src/tasks.o
                0x00004194                xTaskGenericNotifyFromISR
 .text.xTaskGenericNotifyStateClear
                0x000045cc       0x7e FreeRTOS/src/tasks.o
                0x000045cc                xTaskGenericNotifyStateClear
 .text.prvAddCurrentTaskToDelayedList
                0x0000464a      0x1c6 FreeRTOS/src/tasks.o
 .text.xTimerCreateTimerTask
                0x00004810       0x54 FreeRTOS/src/timers.o
                0x00004810                xTimerCreateTimerTask
 .text.xTimerGenericCommand
                0x00004864       0xf0 FreeRTOS/src/timers.o
                0x00004864                xTimerGenericCommand
 .text.prvProcessExpiredTimer
                0x00004954      0x116 FreeRTOS/src/timers.o
 .text.prvProcessTimerOrBlockTask
                0x00004a6a       0xfe FreeRTOS/src/timers.o
 .text.prvGetNextExpireTime
                0x00004b68       0x82 FreeRTOS/src/timers.o
 .text.prvSampleTimeNow
                0x00004bea       0x8e FreeRTOS/src/timers.o
 .text.prvInsertTimerInActiveList
                0x00004c78      0x13e FreeRTOS/src/timers.o
 .text.prvProcessReceivedCommands
                0x00004db6      0x244 FreeRTOS/src/timers.o
 .text.prvSwitchTimerLists
                0x00004ffa      0x186 FreeRTOS/src/timers.o
 .text.prvCheckForValidListAndQueue
                0x00005180       0x60 FreeRTOS/src/timers.o
 .text.vApplicationIdleHook
                0x000051e0       0x10 FreeRTOS/src/variantHooks.o
                0x000051e0                vApplicationIdleHook
 .text.prvSetMainLedOn
                0x000051f0       0x34 FreeRTOS/src/variantHooks.o
                0x000051f0                prvSetMainLedOn
 .text.prvBlinkMainLed
                0x00005224       0x22 FreeRTOS/src/variantHooks.o
                0x00005224                prvBlinkMainLed
 .text.vApplicationMallocFailedHook
                0x00005246       0xf2 FreeRTOS/src/variantHooks.o
                0x00005246                vApplicationMallocFailedHook
 .text.vApplicationStackOverflowHook
                0x00005338       0xfa FreeRTOS/src/variantHooks.o
                0x00005338                vApplicationStackOverflowHook
 .text.lora_handler_initialise
                0x00005432       0x3c LoRaWANHandler.o
                0x00005432                lora_handler_initialise
 .text._lora_setup
                0x0000546e      0x248 LoRaWANHandler.o
 .text.lora_handler_task
                0x000056b6      0x102 LoRaWANHandler.o
                0x000056b6                lora_handler_task
 .text.create_tasks_and_semaphores
                0x000057b8       0x8e main.o
                0x000057b8                create_tasks_and_semaphores
 .text.task1    0x00005846       0x6e main.o
                0x00005846                task1
 .text.task2    0x000058b4       0x6e main.o
                0x000058b4                task2
 .text.initialiseSystem
                0x00005922       0x3c main.o
                0x00005922                initialiseSystem
 .text.main     0x0000595e       0x18 main.o
                0x0000595e                main
 .text.avr-libc.fplib
                0x00005976        0x8 d:/soft/atmel/7.0/toolchain/avr8/avr8-gnu-toolchain/bin/../lib/gcc/avr/5.4.0/../../../../avr/lib/avr6\libm.a(cmpsf2.o)
                0x00005976                __nesf2
                0x00005976                __eqsf2
                0x00005976                __cmpsf2
                0x00005976                __ltsf2
                0x00005976                __lesf2
 .text.avr-libc.fplib
                0x0000597e       0x58 d:/soft/atmel/7.0/toolchain/avr8/avr8-gnu-toolchain/bin/../lib/gcc/avr/5.4.0/../../../../avr/lib/avr6\libm.a(fixunssfsi.o)
                0x0000597e                __fixunssfsi
 .text.avr-libc.fplib
                0x000059d6       0x48 d:/soft/atmel/7.0/toolchain/avr8/avr8-gnu-toolchain/bin/../lib/gcc/avr/5.4.0/../../../../avr/lib/avr6\libm.a(fp_cmp.o)
                0x000059d6                __fp_cmp
 .text.avr-libc.fplib
                0x00005a1e       0x44 d:/soft/atmel/7.0/toolchain/avr8/avr8-gnu-toolchain/bin/../lib/gcc/avr/5.4.0/../../../../avr/lib/avr6\libm.a(fp_split3.o)
                0x00005a1e                __fp_split3
                0x00005a2e                __fp_splitA
 .text.avr-libc.fplib
                0x00005a62        0xe d:/soft/atmel/7.0/toolchain/avr8/avr8-gnu-toolchain/bin/../lib/gcc/avr/5.4.0/../../../../avr/lib/avr6\libm.a(fp_zero.o)
                0x00005a62                __fp_zero
                0x00005a64                __fp_szero
 .text.avr-libc.fplib
                0x00005a70        0x8 d:/soft/atmel/7.0/toolchain/avr8/avr8-gnu-toolchain/bin/../lib/gcc/avr/5.4.0/../../../../avr/lib/avr6\libm.a(gesf2.o)
                0x00005a70                __gesf2
                0x00005a70                __gtsf2
 .text.avr-libc.fplib
                0x00005a78        0x4 d:/soft/atmel/7.0/toolchain/avr8/avr8-gnu-toolchain/bin/../lib/gcc/avr/5.4.0/../../../../avr/lib/avr6\libm.a(mulsf3.o)
                0x00005a78                __mulsf3
 .text.avr-libc.fplib
                0x00005a7c       0xc2 d:/soft/atmel/7.0/toolchain/avr8/avr8-gnu-toolchain/bin/../lib/gcc/avr/5.4.0/../../../../avr/lib/avr6\libm.a(mulsf3x.o)
                0x00005a90                __mulsf3x
                0x00005a94                __mulsf3_pse
 .text.avr-libc.fplib
                0x00005b3e        0xc d:/soft/atmel/7.0/toolchain/avr8/avr8-gnu-toolchain/bin/../lib/gcc/avr/5.4.0/../../../../avr/lib/avr6\libm.a(fp_inf.o)
                0x00005b3e                __fp_inf
 .text.avr-libc.fplib
                0x00005b4a        0x6 d:/soft/atmel/7.0/toolchain/avr8/avr8-gnu-toolchain/bin/../lib/gcc/avr/5.4.0/../../../../avr/lib/avr6\libm.a(fp_nan.o)
                0x00005b4a                __fp_nan
 .text.avr-libc.fplib
                0x00005b50        0xe d:/soft/atmel/7.0/toolchain/avr8/avr8-gnu-toolchain/bin/../lib/gcc/avr/5.4.0/../../../../avr/lib/avr6\libm.a(fp_pscA.o)
                0x00005b50                __fp_pscA
 .text.avr-libc.fplib
                0x00005b5e        0xe d:/soft/atmel/7.0/toolchain/avr8/avr8-gnu-toolchain/bin/../lib/gcc/avr/5.4.0/../../../../avr/lib/avr6\libm.a(fp_pscB.o)
                0x00005b5e                __fp_pscB
 .text.avr-libc.fplib
                0x00005b6c       0x22 d:/soft/atmel/7.0/toolchain/avr8/avr8-gnu-toolchain/bin/../lib/gcc/avr/5.4.0/../../../../avr/lib/avr6\libm.a(fp_round.o)
                0x00005b6c                __fp_round
 .text._serialCallBack
                0x00005b8e       0x8c ../drivers\libIotLibrary.a(lora_driver.o)
 .text._uploadMessage
                0x00005c1a       0xb4 ../drivers\libIotLibrary.a(lora_driver.o)
 .text._reply2ReturnCode
                0x00005cce       0xea ../drivers\libIotLibrary.a(lora_driver.o)
 .text._uploadMessageRc
                0x00005db8        0x6 ../drivers\libIotLibrary.a(lora_driver.o)
 .text.lora_driver_flushBuffers
                0x00005dbe        0xe ../drivers\libIotLibrary.a(lora_driver.o)
                0x00005dbe                lora_driver_flushBuffers
 .text.lora_driver_initialise
                0x00005dcc       0x80 ../drivers\libIotLibrary.a(lora_driver.o)
                0x00005dcc                lora_driver_initialise
 .text.lora_driver_resetRn2483
                0x00005e4c       0x1c ../drivers\libIotLibrary.a(lora_driver.o)
                0x00005e4c                lora_driver_resetRn2483
 .text.lora_driver_rn2483FactoryReset
                0x00005e68       0x24 ../drivers\libIotLibrary.a(lora_driver.o)
                0x00005e68                lora_driver_rn2483FactoryReset
 .text.lora_driver_getRn2483Hweui
                0x00005e8c       0x38 ../drivers\libIotLibrary.a(lora_driver.o)
                0x00005e8c                lora_driver_getRn2483Hweui
 .text.lora_driver_setDeviceIdentifier
                0x00005ec4       0x22 ../drivers\libIotLibrary.a(lora_driver.o)
                0x00005ec4                lora_driver_setDeviceIdentifier
 .text.lora_driver_setApplicationIdentifier
                0x00005ee6       0x22 ../drivers\libIotLibrary.a(lora_driver.o)
                0x00005ee6                lora_driver_setApplicationIdentifier
 .text.lora_driver_setApplicationKey
                0x00005f08       0x22 ../drivers\libIotLibrary.a(lora_driver.o)
                0x00005f08                lora_driver_setApplicationKey
 .text.lora_driver_saveMac
                0x00005f2a        0xc ../drivers\libIotLibrary.a(lora_driver.o)
                0x00005f2a                lora_driver_saveMac
 .text.lora_driver_join
                0x00005f36       0x52 ../drivers\libIotLibrary.a(lora_driver.o)
                0x00005f36                lora_driver_join
 .text.lora_driver_sendUploadMessage
                0x00005f88      0x196 ../drivers\libIotLibrary.a(lora_driver.o)
                0x00005f88                lora_driver_sendUploadMessage
 .text.lora_driver_setAdaptiveDataRate
                0x0000611e       0x16 ../drivers\libIotLibrary.a(lora_driver.o)
                0x0000611e                lora_driver_setAdaptiveDataRate
 .text.lora_driver_setReceiveDelay
                0x00006134       0x30 ../drivers\libIotLibrary.a(lora_driver.o)
                0x00006134                lora_driver_setReceiveDelay
 .text.lora_driver_configureToEu868
                0x00006164      0x1bc ../drivers\libIotLibrary.a(lora_driver.o)
                0x00006164                lora_driver_configureToEu868
 .text.lora_driver_setOtaaIdentity
                0x00006320       0x42 ../drivers\libIotLibrary.a(lora_driver.o)
                0x00006320                lora_driver_setOtaaIdentity
 .text.lora_driver_mapReturnCodeToText
                0x00006362       0x18 ../drivers\libIotLibrary.a(lora_driver.o)
                0x00006362                lora_driver_mapReturnCodeToText
 .text.decode_port_no
                0x0000637a       0x58 ../drivers\libIotLibrary.a(lora_driver_utils.o)
                0x0000637a                decode_port_no
 .text.decode_hexadecimal_string_bytes
                0x000063d2       0x92 ../drivers\libIotLibrary.a(lora_driver_utils.o)
                0x000063d2                decode_hexadecimal_string_bytes
 .text.serial_create
                0x00006464      0x138 ../drivers\libIotLibrary.a(serial.o)
                0x00006464                serial_create
 .text.serial_sendByte
                0x0000659c       0x56 ../drivers\libIotLibrary.a(serial.o)
                0x0000659c                serial_sendByte
 .text.serial_sendBytes
                0x000065f2       0xaa ../drivers\libIotLibrary.a(serial.o)
                0x000065f2                serial_sendBytes
 .text.serial_getByte
                0x0000669c       0x40 ../drivers\libIotLibrary.a(serial.o)
                0x0000669c                serial_getByte
 .text.__vector_25
                0x000066dc       0xa4 ../drivers\libIotLibrary.a(serial.o)
                0x000066dc                __vector_25
 .text.__vector_26
                0x00006780       0x88 ../drivers\libIotLibrary.a(serial.o)
                0x00006780                __vector_26
 .text.__vector_36
                0x00006808       0xa4 ../drivers\libIotLibrary.a(serial.o)
                0x00006808                __vector_36
 .text.__vector_37
                0x000068ac       0x88 ../drivers\libIotLibrary.a(serial.o)
                0x000068ac                __vector_37
 .text.__vector_51
                0x00006934       0xa4 ../drivers\libIotLibrary.a(serial.o)
                0x00006934                __vector_51
 .text.__vector_52
                0x000069d8       0x88 ../drivers\libIotLibrary.a(serial.o)
                0x000069d8                __vector_52
 .text.__vector_54
                0x00006a60       0xa4 ../drivers\libIotLibrary.a(serial.o)
                0x00006a60                __vector_54
 .text.__vector_55
                0x00006b04       0x88 ../drivers\libIotLibrary.a(serial.o)
                0x00006b04                __vector_55
 .text.usart_getchar
                0x00006b8c       0x2a ../drivers\libIotLibrary.a(stdio_driver.o)
 .text.usart_putchar
                0x00006bb6       0x12 ../drivers\libIotLibrary.a(stdio_driver.o)
 .text.stdio_initialise
                0x00006bc8       0x52 ../drivers\libIotLibrary.a(stdio_driver.o)
                0x00006bc8                stdio_initialise
 .text._turn_off
                0x00006c1a       0x98 ../drivers\libIotLibrary.a(status_leds.o)
 .text._turn_on
                0x00006cb2       0x98 ../drivers\libIotLibrary.a(status_leds.o)
 .text._hal_led_task
                0x00006d4a       0x8c ../drivers\libIotLibrary.a(status_leds.o)
 .text.status_leds_initialise
                0x00006dd6       0x9c ../drivers\libIotLibrary.a(status_leds.o)
                0x00006dd6                status_leds_initialise
 .text.status_leds_slowBlink
                0x00006e72       0x46 ../drivers\libIotLibrary.a(status_leds.o)
                0x00006e72                status_leds_slowBlink
 .text.status_leds_fastBlink
                0x00006eb8       0x46 ../drivers\libIotLibrary.a(status_leds.o)
                0x00006eb8                status_leds_fastBlink
 .text.status_leds_ledOn
                0x00006efe       0x1e ../drivers\libIotLibrary.a(status_leds.o)
                0x00006efe                status_leds_ledOn
 .text.status_leds_ledOff
                0x00006f1c       0x1e ../drivers\libIotLibrary.a(status_leds.o)
                0x00006f1c                status_leds_ledOff
 .text.status_leds_longPuls
                0x00006f3a       0x24 ../drivers\libIotLibrary.a(status_leds.o)
                0x00006f3a                status_leds_longPuls
 .text.status_leds_shortPuls
                0x00006f5e       0x24 ../drivers\libIotLibrary.a(status_leds.o)
                0x00006f5e                status_leds_shortPuls
 .text.fifo_init
                0x00006f82       0x38 ../drivers\libIotLibrary.a(fifo.o)
                0x00006f82                fifo_init
 .text.avr-libc.fplib
                0x00006fba        0xc d:/soft/atmel/7.0/toolchain/avr8/avr8-gnu-toolchain/bin/../lib/gcc/avr/5.4.0/../../../../avr/lib/avr6\libm.a(addsf3.o)
                0x00006fba                __subsf3
                0x00006fbc                __addsf3
 .text.avr-libc.fplib
                0x00006fc6       0xcc d:/soft/atmel/7.0/toolchain/avr8/avr8-gnu-toolchain/bin/../lib/gcc/avr/5.4.0/../../../../avr/lib/avr6\libm.a(addsf3x.o)
                0x00006fe8                __addsf3x
 .text.avr-libc.fplib
                0x00007092        0x6 d:/soft/atmel/7.0/toolchain/avr8/avr8-gnu-toolchain/bin/../lib/gcc/avr/5.4.0/../../../../avr/lib/avr6\libm.a(divsf3.o)
                0x00007092                __divsf3
 .text.avr-libc.fplib
                0x00007098       0xdc d:/soft/atmel/7.0/toolchain/avr8/avr8-gnu-toolchain/bin/../lib/gcc/avr/5.4.0/../../../../avr/lib/avr6\libm.a(divsf3x.o)
                0x000070b8                __divsf3x
                0x000070be                __divsf3_pse
 .text.avr-libc.fplib
                0x00007174       0x7a d:/soft/atmel/7.0/toolchain/avr8/avr8-gnu-toolchain/bin/../lib/gcc/avr/5.4.0/../../../../avr/lib/avr6\libm.a(floatsisf.o)
                0x00007174                __floatunsisf
                0x00007178                __floatsisf
 .text.libgcc   0x000071ee       0x10 d:/soft/atmel/7.0/toolchain/avr8/avr8-gnu-toolchain/bin/../lib/gcc/avr/5.4.0/avr6\libgcc.a(_tablejump2.o)
                0x000071ee                __tablejump2__
 .text.avr-libc
                0x000071fe      0x242 d:/soft/atmel/7.0/toolchain/avr8/avr8-gnu-toolchain/bin/../lib/gcc/avr/5.4.0/../../../../avr/lib/avr6\libc.a(malloc.o)
                0x000071fe                malloc
                0x0000732e                free
 .text.avr-libc
                0x00007440        0x8 d:/soft/atmel/7.0/toolchain/avr8/avr8-gnu-toolchain/bin/../lib/gcc/avr/5.4.0/../../../../avr/lib/avr6\libc.a(abort.o)
                0x00007440                abort
 .text.avr-libc
                0x00007448       0x12 d:/soft/atmel/7.0/toolchain/avr8/avr8-gnu-toolchain/bin/../lib/gcc/avr/5.4.0/../../../../avr/lib/avr6\libc.a(memcpy.o)
                0x00007448                memcpy
 .text.avr-libc
                0x0000745a        0xe d:/soft/atmel/7.0/toolchain/avr8/avr8-gnu-toolchain/bin/../lib/gcc/avr/5.4.0/../../../../avr/lib/avr6\libc.a(memset.o)
                0x0000745a                memset
 .text.avr-libc
                0x00007468       0x4a d:/soft/atmel/7.0/toolchain/avr8/avr8-gnu-toolchain/bin/../lib/gcc/avr/5.4.0/../../../../avr/lib/avr6\libc.a(strcasestr.o)
                0x00007468                strcasestr
 .text.avr-libc
                0x000074b2       0x16 d:/soft/atmel/7.0/toolchain/avr8/avr8-gnu-toolchain/bin/../lib/gcc/avr/5.4.0/../../../../avr/lib/avr6\libc.a(strcat.o)
                0x000074b2                strcat
 .text.avr-libc
                0x000074c8        0xe d:/soft/atmel/7.0/toolchain/avr8/avr8-gnu-toolchain/bin/../lib/gcc/avr/5.4.0/../../../../avr/lib/avr6\libc.a(strcpy.o)
                0x000074c8                strcpy
 .text.avr-libc
                0x000074d6       0x30 d:/soft/atmel/7.0/toolchain/avr8/avr8-gnu-toolchain/bin/../lib/gcc/avr/5.4.0/../../../../avr/lib/avr6\libc.a(strncasecmp.o)
                0x000074d6                strncasecmp
 .text.avr-libc
                0x00007506       0x26 d:/soft/atmel/7.0/toolchain/avr8/avr8-gnu-toolchain/bin/../lib/gcc/avr/5.4.0/../../../../avr/lib/avr6\libc.a(printf.o)
                0x00007506                printf
 .text.avr-libc
                0x0000752c       0x60 d:/soft/atmel/7.0/toolchain/avr8/avr8-gnu-toolchain/bin/../lib/gcc/avr/5.4.0/../../../../avr/lib/avr6\libc.a(puts.o)
                0x0000752c                puts
 .text.avr-libc
                0x0000758c       0x5c d:/soft/atmel/7.0/toolchain/avr8/avr8-gnu-toolchain/bin/../lib/gcc/avr/5.4.0/../../../../avr/lib/avr6\libc.a(sprintf.o)
                0x0000758c                sprintf
 .text.avr-libc
                0x000075e8      0x3fa d:/soft/atmel/7.0/toolchain/avr8/avr8-gnu-toolchain/bin/../lib/gcc/avr/5.4.0/../../../../avr/lib/avr6\libc.a(vfprintf_std.o)
                0x000075e8                vfprintf
 .text.avr-libc
                0x000079e2       0x16 d:/soft/atmel/7.0/toolchain/avr8/avr8-gnu-toolchain/bin/../lib/gcc/avr/5.4.0/../../../../avr/lib/avr6\libc.a(strnlen_P.o)
                0x000079e2                strnlen_P
 .text.avr-libc
                0x000079f8       0x16 d:/soft/atmel/7.0/toolchain/avr8/avr8-gnu-toolchain/bin/../lib/gcc/avr/5.4.0/../../../../avr/lib/avr6\libc.a(strnlen.o)
                0x000079f8                strnlen
 .text.avr-libc
                0x00007a0e       0x78 d:/soft/atmel/7.0/toolchain/avr8/avr8-gnu-toolchain/bin/../lib/gcc/avr/5.4.0/../../../../avr/lib/avr6\libc.a(fputc.o)
                0x00007a0e                fputc
 .text.avr-libc
                0x00007a86       0xbc d:/soft/atmel/7.0/toolchain/avr8/avr8-gnu-toolchain/bin/../lib/gcc/avr/5.4.0/../../../../avr/lib/avr6\libc.a(ultoa_invert.o)
                0x00007a86                __ultoa_invert
                0x00007b42                . = ALIGN (0x2)
 *(.fini9)
 .fini9         0x00007b42        0x0 d:/soft/atmel/7.0/toolchain/avr8/avr8-gnu-toolchain/bin/../lib/gcc/avr/5.4.0/avr6\libgcc.a(_exit.o)
                0x00007b42                _exit
                0x00007b42                exit
 *(.fini9)
 *(.fini8)
 *(.fini8)
 *(.fini7)
 *(.fini7)
 *(.fini6)
 *(.fini6)
 *(.fini5)
 *(.fini5)
 *(.fini4)
 *(.fini4)
 *(.fini3)
 *(.fini3)
 *(.fini2)
 *(.fini2)
 *(.fini1)
 *(.fini1)
 *(.fini0)
 .fini0         0x00007b42        0x4 d:/soft/atmel/7.0/toolchain/avr8/avr8-gnu-toolchain/bin/../lib/gcc/avr/5.4.0/avr6\libgcc.a(_exit.o)
 *(.fini0)
                0x00007b46                _etext = .

.data           0x00800200      0x486 load address 0x00007b46
                0x00800200                PROVIDE (__data_start, .)
 *(.data)
 .data          0x00800200        0x6 d:/soft/atmel/7.0/toolchain/avr8/avr8-gnu-toolchain/bin/../lib/gcc/avr/5.4.0/../../../../avr/lib/avr6\libc.a(malloc.o)
                0x00800200                __malloc_heap_end
                0x00800202                __malloc_heap_start
                0x00800204                __malloc_margin
 *(.data*)
 .data.uxTopUsedPriority
                0x00800206        0x1 FreeRTOS/src/tasks.o
                0x00800206                uxTopUsedPriority
 .data._com_port_2_udr
                0x00800207        0x8 ../drivers\libIotLibrary.a(serial.o)
                0x00800207                _com_port_2_udr
 .data.mystdout.1882
                0x0080020f        0xe ../drivers\libIotLibrary.a(stdio_driver.o)
 *(.gnu.linkonce.d*)
 *(.rodata)
 .rodata        0x0080021d        0x5 FreeRTOS/src/tasks.o
 .rodata        0x00800222        0x8 FreeRTOS/src/timers.o
 .rodata        0x0080022a      0x149 LoRaWANHandler.o
 .rodata        0x00800373       0x1e main.o
 .rodata        0x00800391       0x20 ../drivers\libIotLibrary.a(lora_driver.o)
 *(.rodata*)
 .rodata.str1.1
                0x008003b1      0x295 ../drivers\libIotLibrary.a(lora_driver.o)
                                0x2a5 (size before relaxing)
 .rodata._joinMode
                0x00800646        0x4 ../drivers\libIotLibrary.a(lora_driver.o)
 .rodata._returnCode
                0x0080064a       0x33 ../drivers\libIotLibrary.a(lora_driver.o)
                0x0080064a                _returnCode
 .rodata.str1.1
                0x0080067d        0x8 ../drivers\libIotLibrary.a(status_leds.o)
 *(.gnu.linkonce.r*)
                0x00800686                . = ALIGN (0x2)
 *fill*         0x00800685        0x1 
                0x00800686                _edata = .
                0x00800686                PROVIDE (__data_end, .)

.bss            0x00800686      0xc7c
                0x00800686                PROVIDE (__bss_start, .)
 *(.bss)
 *(.bss*)
 .bss.ucHeap    0x00800686      0x9c4 FreeRTOS/src/heap_4.o
 .bss.xStart    0x0080104a        0x4 FreeRTOS/src/heap_4.o
 .bss.pxEnd     0x0080104e        0x2 FreeRTOS/src/heap_4.o
 .bss.xFreeBytesRemaining
                0x00801050        0x2 FreeRTOS/src/heap_4.o
 .bss.xMinimumEverFreeBytesRemaining
                0x00801052        0x2 FreeRTOS/src/heap_4.o
 .bss.xNumberOfSuccessfulAllocations
                0x00801054        0x2 FreeRTOS/src/heap_4.o
 .bss.xNumberOfSuccessfulFrees
                0x00801056        0x2 FreeRTOS/src/heap_4.o
 .bss.xBlockAllocatedBit
                0x00801058        0x2 FreeRTOS/src/heap_4.o
 .bss.pxCurrentTCB
                0x0080105a        0x2 FreeRTOS/src/tasks.o
                0x0080105a                pxCurrentTCB
 .bss.pxReadyTasksLists
                0x0080105c       0x6e FreeRTOS/src/tasks.o
 .bss.xDelayedTaskList1
                0x008010ca        0xb FreeRTOS/src/tasks.o
 .bss.xDelayedTaskList2
                0x008010d5        0xb FreeRTOS/src/tasks.o
 .bss.pxDelayedTaskList
                0x008010e0        0x2 FreeRTOS/src/tasks.o
 .bss.pxOverflowDelayedTaskList
                0x008010e2        0x2 FreeRTOS/src/tasks.o
 .bss.xPendingReadyList
                0x008010e4        0xb FreeRTOS/src/tasks.o
 .bss.xTasksWaitingTermination
                0x008010ef        0xb FreeRTOS/src/tasks.o
 .bss.uxDeletedTasksWaitingCleanUp
                0x008010fa        0x1 FreeRTOS/src/tasks.o
 .bss.xSuspendedTaskList
                0x008010fb        0xb FreeRTOS/src/tasks.o
 .bss.uxCurrentNumberOfTasks
                0x00801106        0x1 FreeRTOS/src/tasks.o
 .bss.xTickCount
                0x00801107        0x4 FreeRTOS/src/tasks.o
 .bss.uxTopReadyPriority
                0x0080110b        0x1 FreeRTOS/src/tasks.o
 .bss.xSchedulerRunning
                0x0080110c        0x1 FreeRTOS/src/tasks.o
 .bss.xPendedTicks
                0x0080110d        0x4 FreeRTOS/src/tasks.o
 .bss.xYieldPending
                0x00801111        0x1 FreeRTOS/src/tasks.o
 .bss.xNumOfOverflows
                0x00801112        0x1 FreeRTOS/src/tasks.o
 .bss.uxTaskNumber
                0x00801113        0x1 FreeRTOS/src/tasks.o
 .bss.xNextTaskUnblockTime
                0x00801114        0x4 FreeRTOS/src/tasks.o
 .bss.xIdleTaskHandle
                0x00801118        0x2 FreeRTOS/src/tasks.o
 .bss.uxSchedulerSuspended
                0x0080111a        0x1 FreeRTOS/src/tasks.o
 .bss.xActiveTimerList1
                0x0080111b        0xb FreeRTOS/src/timers.o
 .bss.xActiveTimerList2
                0x00801126        0xb FreeRTOS/src/timers.o
 .bss.pxCurrentTimerList
                0x00801131        0x2 FreeRTOS/src/timers.o
 .bss.pxOverflowTimerList
                0x00801133        0x2 FreeRTOS/src/timers.o
 .bss.xTimerQueue
                0x00801135        0x2 FreeRTOS/src/timers.o
 .bss.xTimerTaskHandle
                0x00801137        0x2 FreeRTOS/src/timers.o
 .bss.xLastTime.2436
                0x00801139        0x4 FreeRTOS/src/timers.o
 .bss._out_buf  0x0080113d       0x64 LoRaWANHandler.o
 .bss._uplink_payload
                0x008011a1       0x16 LoRaWANHandler.o
 .bss._tmp_buf.2871
                0x008011b7       0x64 ../drivers\libIotLibrary.a(lora_driver.o)
 .bss.rec_buf_inp.2878
                0x0080121b        0x1 ../drivers\libIotLibrary.a(lora_driver.o)
 .bss._downlinkMessageBuffer
                0x0080121c        0x2 ../drivers\libIotLibrary.a(lora_driver.o)
 .bss._serialReplyBufferHandle
                0x0080121e        0x2 ../drivers\libIotLibrary.a(lora_driver.o)
 .bss._rn2483_serial
                0x00801220        0x2 ../drivers\libIotLibrary.a(lora_driver.o)
 .bss._downlinkPayload
                0x00801222       0x16 ../drivers\libIotLibrary.a(lora_driver.o)
 .bss._payLoadHexBytes
                0x00801238       0x15 ../drivers\libIotLibrary.a(lora_driver.o)
 .bss._recMessageBuf
                0x0080124d       0x2d ../drivers\libIotLibrary.a(lora_driver.o)
 .bss._sendMessage
                0x0080127a       0x2d ../drivers\libIotLibrary.a(lora_driver.o)
 .bss._replyMess
                0x008012a7       0x2d ../drivers\libIotLibrary.a(lora_driver.o)
 .bss._ser_handle
                0x008012d4        0x8 ../drivers\libIotLibrary.a(serial.o)
 .bss._com_serial_instance
                0x008012dc        0x2 ../drivers\libIotLibrary.a(stdio_driver.o)
 .bss._led_status
                0x008012de       0x18 ../drivers\libIotLibrary.a(status_leds.o)
 *(COMMON)
 COMMON         0x008012f6        0x2 main.o
                0x008012f6                xTestSemaphore
 COMMON         0x008012f8        0x4 d:/soft/atmel/7.0/toolchain/avr8/avr8-gnu-toolchain/bin/../lib/gcc/avr/5.4.0/../../../../avr/lib/avr6\libc.a(malloc.o)
                0x008012f8                __brkval
                0x008012fa                __flp
 COMMON         0x008012fc        0x6 d:/soft/atmel/7.0/toolchain/avr8/avr8-gnu-toolchain/bin/../lib/gcc/avr/5.4.0/../../../../avr/lib/avr6\libc.a(iob.o)
                0x008012fc                __iob
                0x00801302                PROVIDE (__bss_end, .)
                0x00007b46                __data_load_start = LOADADDR (.data)
                0x00007fcc                __data_load_end = (__data_load_start + SIZEOF (.data))

.noinit         0x00801302        0x0
                [!provide]                PROVIDE (__noinit_start, .)
 *(.noinit*)
                [!provide]                PROVIDE (__noinit_end, .)
                0x00801302                _end = .
                0x00801302                PROVIDE (__heap_start, .)

.eeprom         0x00810000        0x0
 *(.eeprom*)
                0x00810000                __eeprom_end = .

.fuse
 *(.fuse)
 *(.lfuse)
 *(.hfuse)
 *(.efuse)

.lock
 *(.lock*)

.signature
 *(.signature*)

.user_signatures
 *(.user_signatures*)

.stab
 *(.stab)

.stabstr
 *(.stabstr)

.stab.excl
 *(.stab.excl)

.stab.exclstr
 *(.stab.exclstr)

.stab.index
 *(.stab.index)

.stab.indexstr
 *(.stab.indexstr)

.comment        0x00000000       0x5c
 *(.comment)
 .comment       0x00000000       0x30 FreeRTOS/src/heap_4.o
                                 0x31 (size before relaxing)
 .comment       0x00000030       0x31 FreeRTOS/src/list.o
 .comment       0x00000030       0x31 FreeRTOS/src/port.o
 .comment       0x00000030       0x31 FreeRTOS/src/queue.o
 .comment       0x00000030       0x31 FreeRTOS/src/stream_buffer.o
 .comment       0x00000030       0x31 FreeRTOS/src/tasks.o
 .comment       0x00000030       0x31 FreeRTOS/src/timers.o
 .comment       0x00000030       0x31 FreeRTOS/src/variantHooks.o
 .comment       0x00000030       0x31 LoRaWANHandler.o
 .comment       0x00000030       0x31 main.o
 .comment       0x00000030       0x31 ../drivers\libIotLibrary.a(lora_driver.o)
 .comment       0x00000030       0x31 ../drivers\libIotLibrary.a(lora_driver_utils.o)
 .comment       0x00000030       0x31 ../drivers\libIotLibrary.a(serial.o)
 .comment       0x00000030       0x31 ../drivers\libIotLibrary.a(stdio_driver.o)
 .comment       0x00000030       0x31 ../drivers\libIotLibrary.a(status_leds.o)
 .comment       0x00000030       0x31 ../drivers\libIotLibrary.a(fifo.o)
 .comment       0x00000030       0x31 d:/soft/atmel/7.0/toolchain/avr8/avr8-gnu-toolchain/bin/../lib/gcc/avr/5.4.0/../../../../avr/lib/avr6\libc.a(malloc.o)
 .comment       0x00000030       0x31 d:/soft/atmel/7.0/toolchain/avr8/avr8-gnu-toolchain/bin/../lib/gcc/avr/5.4.0/../../../../avr/lib/avr6\libc.a(iob.o)
 .comment       0x00000030       0x31 d:/soft/atmel/7.0/toolchain/avr8/avr8-gnu-toolchain/bin/../lib/gcc/avr/5.4.0/../../../../avr/lib/avr6\libc.a(printf.o)
 .comment       0x00000030       0x31 d:/soft/atmel/7.0/toolchain/avr8/avr8-gnu-toolchain/bin/../lib/gcc/avr/5.4.0/../../../../avr/lib/avr6\libc.a(puts.o)
 .comment       0x00000030       0x31 d:/soft/atmel/7.0/toolchain/avr8/avr8-gnu-toolchain/bin/../lib/gcc/avr/5.4.0/../../../../avr/lib/avr6\libc.a(sprintf.o)
 .comment       0x00000030       0x2c d:/soft/atmel/7.0/toolchain/avr8/avr8-gnu-toolchain/bin/../lib/gcc/avr/5.4.0/../../../../avr/lib/avr6\libc.a(vfprintf_std.o)
                                 0x2d (size before relaxing)
 .comment       0x0000005c       0x31 d:/soft/atmel/7.0/toolchain/avr8/avr8-gnu-toolchain/bin/../lib/gcc/avr/5.4.0/../../../../avr/lib/avr6\libc.a(fputc.o)

.note.gnu.avr.deviceinfo
                0x00000000       0x40
 .note.gnu.avr.deviceinfo
                0x00000000       0x40 D:/Soft/Atmel/7.0/Packs/atmel/ATmega_DFP/1.6.364/gcc/dev/atmega2560/avr6/crtatmega2560.o

.note.gnu.build-id
 *(.note.gnu.build-id)

.debug
 *(.debug)

.line
 *(.line)

.debug_srcinfo
 *(.debug_srcinfo)

.debug_sfnames
 *(.debug_sfnames)

.debug_aranges  0x00000000      0x8a0
 *(.debug_aranges)
 .debug_aranges
                0x00000000       0x58 FreeRTOS/src/heap_4.o
 .debug_aranges
                0x00000058       0x40 FreeRTOS/src/list.o
 .debug_aranges
                0x00000098       0x58 FreeRTOS/src/port.o
 .debug_aranges
                0x000000f0       0xf8 FreeRTOS/src/queue.o
 .debug_aranges
                0x000001e8       0xc0 FreeRTOS/src/stream_buffer.o
 .debug_aranges
                0x000002a8      0x1d0 FreeRTOS/src/tasks.o
 .debug_aranges
                0x00000478       0xc8 FreeRTOS/src/timers.o
 .debug_aranges
                0x00000540       0x40 FreeRTOS/src/variantHooks.o
 .debug_aranges
                0x00000580       0x30 LoRaWANHandler.o
 .debug_aranges
                0x000005b0       0x40 main.o
 .debug_aranges
                0x000005f0      0x138 ../drivers\libIotLibrary.a(lora_driver.o)
 .debug_aranges
                0x00000728       0x28 ../drivers\libIotLibrary.a(lora_driver_utils.o)
 .debug_aranges
                0x00000750       0x90 ../drivers\libIotLibrary.a(serial.o)
 .debug_aranges
                0x000007e0       0x38 ../drivers\libIotLibrary.a(stdio_driver.o)
 .debug_aranges
                0x00000818       0x68 ../drivers\libIotLibrary.a(status_leds.o)
 .debug_aranges
                0x00000880       0x20 ../drivers\libIotLibrary.a(fifo.o)

.debug_pubnames
 *(.debug_pubnames)

.debug_info     0x00000000     0x8c23
 *(.debug_info .gnu.linkonce.wi.*)
 .debug_info    0x00000000      0xbbc D:/Soft/Atmel/7.0/Packs/atmel/ATmega_DFP/1.6.364/gcc/dev/atmega2560/avr6/crtatmega2560.o
 .debug_info    0x00000bbc      0x428 FreeRTOS/src/heap_4.o
 .debug_info    0x00000fe4      0x2cd FreeRTOS/src/list.o
 .debug_info    0x000012b1      0x298 FreeRTOS/src/port.o
 .debug_info    0x00001549      0xea5 FreeRTOS/src/queue.o
 .debug_info    0x000023ee      0xc19 FreeRTOS/src/stream_buffer.o
 .debug_info    0x00003007     0x19eb FreeRTOS/src/tasks.o
 .debug_info    0x000049f2      0xa6a FreeRTOS/src/timers.o
 .debug_info    0x0000545c      0x252 FreeRTOS/src/variantHooks.o
 .debug_info    0x000056ae      0x2f5 LoRaWANHandler.o
 .debug_info    0x000059a3      0x1d6 main.o
 .debug_info    0x00005b79     0x1747 ../drivers\libIotLibrary.a(lora_driver.o)
 .debug_info    0x000072c0      0x143 ../drivers\libIotLibrary.a(lora_driver_utils.o)
 .debug_info    0x00007403      0xd9b ../drivers\libIotLibrary.a(serial.o)
 .debug_info    0x0000819e      0x3b6 ../drivers\libIotLibrary.a(stdio_driver.o)
 .debug_info    0x00008554      0x50c ../drivers\libIotLibrary.a(status_leds.o)
 .debug_info    0x00008a60      0x1c3 ../drivers\libIotLibrary.a(fifo.o)

.debug_abbrev   0x00000000     0x24f1
 *(.debug_abbrev)
 .debug_abbrev  0x00000000      0xb1a D:/Soft/Atmel/7.0/Packs/atmel/ATmega_DFP/1.6.364/gcc/dev/atmega2560/avr6/crtatmega2560.o
 .debug_abbrev  0x00000b1a      0x174 FreeRTOS/src/heap_4.o
 .debug_abbrev  0x00000c8e       0xc7 FreeRTOS/src/list.o
 .debug_abbrev  0x00000d55      0x184 FreeRTOS/src/port.o
 .debug_abbrev  0x00000ed9      0x194 FreeRTOS/src/queue.o
 .debug_abbrev  0x0000106d      0x1b4 FreeRTOS/src/stream_buffer.o
 .debug_abbrev  0x00001221      0x235 FreeRTOS/src/tasks.o
 .debug_abbrev  0x00001456      0x1ce FreeRTOS/src/timers.o
 .debug_abbrev  0x00001624       0xf2 FreeRTOS/src/variantHooks.o
 .debug_abbrev  0x00001716      0x117 LoRaWANHandler.o
 .debug_abbrev  0x0000182d      0x102 main.o
 .debug_abbrev  0x0000192f      0x33b ../drivers\libIotLibrary.a(lora_driver.o)
 .debug_abbrev  0x00001c6a       0xc0 ../drivers\libIotLibrary.a(lora_driver_utils.o)
 .debug_abbrev  0x00001d2a      0x355 ../drivers\libIotLibrary.a(serial.o)
 .debug_abbrev  0x0000207f      0x1b3 ../drivers\libIotLibrary.a(stdio_driver.o)
 .debug_abbrev  0x00002232      0x1d7 ../drivers\libIotLibrary.a(status_leds.o)
 .debug_abbrev  0x00002409       0xe8 ../drivers\libIotLibrary.a(fifo.o)

.debug_line     0x00000000     0x5c24
 *(.debug_line .debug_line.* .debug_line_end)
 .debug_line    0x00000000      0x1fa D:/Soft/Atmel/7.0/Packs/atmel/ATmega_DFP/1.6.364/gcc/dev/atmega2560/avr6/crtatmega2560.o
 .debug_line    0x000001fa      0x445 FreeRTOS/src/heap_4.o
 .debug_line    0x0000063f      0x1db FreeRTOS/src/list.o
 .debug_line    0x0000081a      0x2d0 FreeRTOS/src/port.o
 .debug_line    0x00000aea      0xcb5 FreeRTOS/src/queue.o
 .debug_line    0x0000179f      0x83a FreeRTOS/src/stream_buffer.o
 .debug_line    0x00001fd9     0x1795 FreeRTOS/src/tasks.o
 .debug_line    0x0000376e      0x6b2 FreeRTOS/src/timers.o
 .debug_line    0x00003e20      0x240 FreeRTOS/src/variantHooks.o
 .debug_line    0x00004060      0x26a LoRaWANHandler.o
 .debug_line    0x000042ca      0x1ee main.o
 .debug_line    0x000044b8      0x9aa ../drivers\libIotLibrary.a(lora_driver.o)
 .debug_line    0x00004e62      0x195 ../drivers\libIotLibrary.a(lora_driver_utils.o)
 .debug_line    0x00004ff7      0x6a0 ../drivers\libIotLibrary.a(serial.o)
 .debug_line    0x00005697      0x146 ../drivers\libIotLibrary.a(stdio_driver.o)
 .debug_line    0x000057dd      0x32c ../drivers\libIotLibrary.a(status_leds.o)
 .debug_line    0x00005b09      0x11b ../drivers\libIotLibrary.a(fifo.o)

.debug_frame    0x00000000     0x21f8
 *(.debug_frame)
 .debug_frame   0x00000000      0x114 FreeRTOS/src/heap_4.o
 .debug_frame   0x00000114       0xb4 FreeRTOS/src/list.o
 .debug_frame   0x000001c8       0xd4 FreeRTOS/src/port.o
 .debug_frame   0x0000029c      0x3d4 FreeRTOS/src/queue.o
 .debug_frame   0x00000670      0x3ac FreeRTOS/src/stream_buffer.o
 .debug_frame   0x00000a1c      0x83c FreeRTOS/src/tasks.o
 .debug_frame   0x00001258      0x3d8 FreeRTOS/src/timers.o
 .debug_frame   0x00001630       0xb4 FreeRTOS/src/variantHooks.o
 .debug_frame   0x000016e4       0x84 LoRaWANHandler.o
 .debug_frame   0x00001768       0xc0 main.o
 .debug_frame   0x00001828      0x460 ../drivers\libIotLibrary.a(lora_driver.o)
 .debug_frame   0x00001c88       0x48 ../drivers\libIotLibrary.a(lora_driver_utils.o)
 .debug_frame   0x00001cd0      0x384 ../drivers\libIotLibrary.a(serial.o)
 .debug_frame   0x00002054       0x94 ../drivers\libIotLibrary.a(stdio_driver.o)
 .debug_frame   0x000020e8       0xec ../drivers\libIotLibrary.a(status_leds.o)
 .debug_frame   0x000021d4       0x24 ../drivers\libIotLibrary.a(fifo.o)

.debug_str      0x00000000     0x35ed
 *(.debug_str)
 .debug_str     0x00000000      0x3e6 D:/Soft/Atmel/7.0/Packs/atmel/ATmega_DFP/1.6.364/gcc/dev/atmega2560/avr6/crtatmega2560.o
 .debug_str     0x000003e6      0x417 FreeRTOS/src/heap_4.o
                                0x45b (size before relaxing)
 .debug_str     0x000007fd      0x135 FreeRTOS/src/list.o
                                0x2b6 (size before relaxing)
 .debug_str     0x00000932      0x148 FreeRTOS/src/port.o
                                0x2c5 (size before relaxing)
 .debug_str     0x00000a7a      0x550 FreeRTOS/src/queue.o
                                0x7b7 (size before relaxing)
 .debug_str     0x00000fca      0x477 FreeRTOS/src/stream_buffer.o
                                0x6d1 (size before relaxing)
 .debug_str     0x00001441      0xadc FreeRTOS/src/tasks.o
                                0xe66 (size before relaxing)
 .debug_str     0x00001f1d      0x42a FreeRTOS/src/timers.o
                                0x702 (size before relaxing)
 .debug_str     0x00002347       0x97 FreeRTOS/src/variantHooks.o
                                0x25a (size before relaxing)
 .debug_str     0x000023de      0x2a0 LoRaWANHandler.o
                                0x43b (size before relaxing)
 .debug_str     0x0000267e       0x97 main.o
                                0x253 (size before relaxing)
 .debug_str     0x00002715      0x929 ../drivers\libIotLibrary.a(lora_driver.o)
                                0xcdb (size before relaxing)
 .debug_str     0x0000303e       0x54 ../drivers\libIotLibrary.a(lora_driver_utils.o)
                                0x206 (size before relaxing)
 .debug_str     0x00003092      0x2f1 ../drivers\libIotLibrary.a(serial.o)
                                0x628 (size before relaxing)
 .debug_str     0x00003383       0xb7 ../drivers\libIotLibrary.a(stdio_driver.o)
                                0x37d (size before relaxing)
 .debug_str     0x0000343a      0x191 ../drivers\libIotLibrary.a(status_leds.o)
                                0x36d (size before relaxing)
 .debug_str     0x000035cb       0x22 ../drivers\libIotLibrary.a(fifo.o)
                                0x239 (size before relaxing)

.debug_loc      0x00000000     0x5e1a
 *(.debug_loc)
 .debug_loc     0x00000000      0x216 FreeRTOS/src/heap_4.o
 .debug_loc     0x00000216      0x167 FreeRTOS/src/list.o
 .debug_loc     0x0000037d       0xf8 FreeRTOS/src/port.o
 .debug_loc     0x00000475      0x855 FreeRTOS/src/queue.o
 .debug_loc     0x00000cca      0x821 FreeRTOS/src/stream_buffer.o
 .debug_loc     0x000014eb     0x1253 FreeRTOS/src/tasks.o
 .debug_loc     0x0000273e      0x889 FreeRTOS/src/timers.o
 .debug_loc     0x00002fc7      0x13f FreeRTOS/src/variantHooks.o
 .debug_loc     0x00003106       0xfe LoRaWANHandler.o
 .debug_loc     0x00003204      0x166 main.o
 .debug_loc     0x0000336a     0x1216 ../drivers\libIotLibrary.a(lora_driver.o)
 .debug_loc     0x00004580      0x1d2 ../drivers\libIotLibrary.a(lora_driver_utils.o)
 .debug_loc     0x00004752     0x114c ../drivers\libIotLibrary.a(serial.o)
 .debug_loc     0x0000589e      0x18c ../drivers\libIotLibrary.a(stdio_driver.o)
 .debug_loc     0x00005a2a      0x292 ../drivers\libIotLibrary.a(status_leds.o)
 .debug_loc     0x00005cbc      0x15e ../drivers\libIotLibrary.a(fifo.o)

.debug_macinfo
 *(.debug_macinfo)

.debug_weaknames
 *(.debug_weaknames)

.debug_funcnames
 *(.debug_funcnames)

.debug_typenames
 *(.debug_typenames)

.debug_varnames
 *(.debug_varnames)

.debug_pubtypes
 *(.debug_pubtypes)

.debug_ranges   0x00000000      0x7d0
 *(.debug_ranges)
 .debug_ranges  0x00000000       0x48 FreeRTOS/src/heap_4.o
 .debug_ranges  0x00000048       0x30 FreeRTOS/src/list.o
 .debug_ranges  0x00000078       0x48 FreeRTOS/src/port.o
 .debug_ranges  0x000000c0       0xe8 FreeRTOS/src/queue.o
 .debug_ranges  0x000001a8       0xb0 FreeRTOS/src/stream_buffer.o
 .debug_ranges  0x00000258      0x1c0 FreeRTOS/src/tasks.o
 .debug_ranges  0x00000418       0xb8 FreeRTOS/src/timers.o
 .debug_ranges  0x000004d0       0x30 FreeRTOS/src/variantHooks.o
 .debug_ranges  0x00000500       0x20 LoRaWANHandler.o
 .debug_ranges  0x00000520       0x30 main.o
 .debug_ranges  0x00000550      0x128 ../drivers\libIotLibrary.a(lora_driver.o)
 .debug_ranges  0x00000678       0x30 ../drivers\libIotLibrary.a(lora_driver_utils.o)
 .debug_ranges  0x000006a8       0x98 ../drivers\libIotLibrary.a(serial.o)
 .debug_ranges  0x00000740       0x28 ../drivers\libIotLibrary.a(stdio_driver.o)
 .debug_ranges  0x00000768       0x58 ../drivers\libIotLibrary.a(status_leds.o)
 .debug_ranges  0x000007c0       0x10 ../drivers\libIotLibrary.a(fifo.o)

.debug_macro
 *(.debug_macro)
OUTPUT(SEP4IOT.elf elf32-avr)
LOAD linker stubs
